Archive member included because of file (symbol)

c:/freescale/kds_v3/toolchain/bin/../lib/gcc/arm-none-eabi/4.8.4/../../../../arm-none-eabi/lib/armv7e-m/fpu\libg_s.a(lib_a-exit.o)
                              c:/freescale/kds_v3/toolchain/bin/../lib/gcc/arm-none-eabi/4.8.4/../../../../arm-none-eabi/lib/armv7e-m/fpu/crt0.o (exit)
c:/freescale/kds_v3/toolchain/bin/../lib/gcc/arm-none-eabi/4.8.4/../../../../arm-none-eabi/lib/armv7e-m/fpu\libg_s.a(lib_a-impure.o)
                              c:/freescale/kds_v3/toolchain/bin/../lib/gcc/arm-none-eabi/4.8.4/../../../../arm-none-eabi/lib/armv7e-m/fpu\libg_s.a(lib_a-exit.o) (_global_impure_ptr)
c:/freescale/kds_v3/toolchain/bin/../lib/gcc/arm-none-eabi/4.8.4/../../../../arm-none-eabi/lib/armv7e-m/fpu\libg_s.a(lib_a-init.o)
                              c:/freescale/kds_v3/toolchain/bin/../lib/gcc/arm-none-eabi/4.8.4/../../../../arm-none-eabi/lib/armv7e-m/fpu/crt0.o (__libc_init_array)
c:/freescale/kds_v3/toolchain/bin/../lib/gcc/arm-none-eabi/4.8.4/../../../../arm-none-eabi/lib/armv7e-m/fpu\libg_s.a(lib_a-memset.o)
                              c:/freescale/kds_v3/toolchain/bin/../lib/gcc/arm-none-eabi/4.8.4/../../../../arm-none-eabi/lib/armv7e-m/fpu/crt0.o (memset)
c:/freescale/kds_v3/toolchain/bin/../lib/gcc/arm-none-eabi/4.8.4/../../../../arm-none-eabi/lib/armv7e-m/fpu\libg_s.a(lib_a-sscanf.o)
                              ./Sources/main.o (sscanf)
c:/freescale/kds_v3/toolchain/bin/../lib/gcc/arm-none-eabi/4.8.4/../../../../arm-none-eabi/lib/armv7e-m/fpu\libg_s.a(lib_a-stdio.o)
                              c:/freescale/kds_v3/toolchain/bin/../lib/gcc/arm-none-eabi/4.8.4/../../../../arm-none-eabi/lib/armv7e-m/fpu\libg_s.a(lib_a-sscanf.o) (__seofread)
c:/freescale/kds_v3/toolchain/bin/../lib/gcc/arm-none-eabi/4.8.4/../../../../arm-none-eabi/lib/armv7e-m/fpu\libg_s.a(lib_a-strcmp.o)
                              ./Sources/main.o (strcmp)
c:/freescale/kds_v3/toolchain/bin/../lib/gcc/arm-none-eabi/4.8.4/../../../../arm-none-eabi/lib/armv7e-m/fpu\libg_s.a(lib_a-strlen.o)
                              c:/freescale/kds_v3/toolchain/bin/../lib/gcc/arm-none-eabi/4.8.4/../../../../arm-none-eabi/lib/armv7e-m/fpu\libg_s.a(lib_a-sscanf.o) (strlen)
c:/freescale/kds_v3/toolchain/bin/../lib/gcc/arm-none-eabi/4.8.4/../../../../arm-none-eabi/lib/armv7e-m/fpu\libg_s.a(lib_a-strtok.o)
                              ./Sources/main.o (strtok)
c:/freescale/kds_v3/toolchain/bin/../lib/gcc/arm-none-eabi/4.8.4/../../../../arm-none-eabi/lib/armv7e-m/fpu\libg_s.a(lib_a-strtok_r.o)
                              c:/freescale/kds_v3/toolchain/bin/../lib/gcc/arm-none-eabi/4.8.4/../../../../arm-none-eabi/lib/armv7e-m/fpu\libg_s.a(lib_a-strtok.o) (__strtok_r)
c:/freescale/kds_v3/toolchain/bin/../lib/gcc/arm-none-eabi/4.8.4/../../../../arm-none-eabi/lib/armv7e-m/fpu\libg_s.a(lib_a-svfscanf.o)
                              c:/freescale/kds_v3/toolchain/bin/../lib/gcc/arm-none-eabi/4.8.4/../../../../arm-none-eabi/lib/armv7e-m/fpu\libg_s.a(lib_a-sscanf.o) (__ssvfscanf_r)
c:/freescale/kds_v3/toolchain/bin/../lib/gcc/arm-none-eabi/4.8.4/../../../../arm-none-eabi/lib/armv7e-m/fpu\libg_s.a(lib_a-ungetc.o)
                              c:/freescale/kds_v3/toolchain/bin/../lib/gcc/arm-none-eabi/4.8.4/../../../../arm-none-eabi/lib/armv7e-m/fpu\libg_s.a(lib_a-svfscanf.o) (__submore)
c:/freescale/kds_v3/toolchain/bin/../lib/gcc/arm-none-eabi/4.8.4/../../../../arm-none-eabi/lib/armv7e-m/fpu\libg_s.a(lib_a-vfscanf_i.o)
                              c:/freescale/kds_v3/toolchain/bin/../lib/gcc/arm-none-eabi/4.8.4/../../../../arm-none-eabi/lib/armv7e-m/fpu\libg_s.a(lib_a-svfscanf.o) (_scanf_chars)
c:/freescale/kds_v3/toolchain/bin/../lib/gcc/arm-none-eabi/4.8.4/../../../../arm-none-eabi/lib/armv7e-m/fpu\libg_s.a(lib_a-writer.o)
                              c:/freescale/kds_v3/toolchain/bin/../lib/gcc/arm-none-eabi/4.8.4/../../../../arm-none-eabi/lib/armv7e-m/fpu\libg_s.a(lib_a-stdio.o) (_write_r)
c:/freescale/kds_v3/toolchain/bin/../lib/gcc/arm-none-eabi/4.8.4/../../../../arm-none-eabi/lib/armv7e-m/fpu\libg_s.a(lib_a-closer.o)
                              c:/freescale/kds_v3/toolchain/bin/../lib/gcc/arm-none-eabi/4.8.4/../../../../arm-none-eabi/lib/armv7e-m/fpu\libg_s.a(lib_a-stdio.o) (_close_r)
c:/freescale/kds_v3/toolchain/bin/../lib/gcc/arm-none-eabi/4.8.4/../../../../arm-none-eabi/lib/armv7e-m/fpu\libg_s.a(lib_a-ctype_.o)
                              c:/freescale/kds_v3/toolchain/bin/../lib/gcc/arm-none-eabi/4.8.4/../../../../arm-none-eabi/lib/armv7e-m/fpu\libg_s.a(lib_a-svfscanf.o) (__ctype_ptr__)
c:/freescale/kds_v3/toolchain/bin/../lib/gcc/arm-none-eabi/4.8.4/../../../../arm-none-eabi/lib/armv7e-m/fpu\libg_s.a(lib_a-fflush.o)
                              c:/freescale/kds_v3/toolchain/bin/../lib/gcc/arm-none-eabi/4.8.4/../../../../arm-none-eabi/lib/armv7e-m/fpu\libg_s.a(lib_a-ungetc.o) (_fflush_r)
[...]
Memory Configuration

Name             Origin             Length             Attributes
m_interrupts     0x00000000         0x00000198         xr
m_text           0x00000410         0x0007fbf0         xr
m_data           0x1fff0000         0x00010000         rw
m_data_20000000  0x20000000         0x00010000         rw
m_cfmprotrom     0x00000400         0x00000010         xr
*default*        0x00000000         0xffffffff

Linker script and memory map

LOAD c:/freescale/kds_v3/toolchain/bin/../lib/gcc/arm-none-eabi/4.8.4/armv7e-m/fpu/crti.o
LOAD c:/freescale/kds_v3/toolchain/bin/../lib/gcc/arm-none-eabi/4.8.4/armv7e-m/fpu/crtbegin.o
LOAD c:/freescale/kds_v3/toolchain/bin/../lib/gcc/arm-none-eabi/4.8.4/../../../../arm-none-eabi/lib/armv7e-m/fpu/crt0.o
LOAD ./Static_Code/System/CPU_Init.o
LOAD ./Static_Code/System/Peripherals_Init.o
LOAD ./Static_Code/System/Vectors.o
LOAD ./Sources/Events.o
LOAD ./Sources/main.o
LOAD ./Project_Settings/Startup_Code/startup.o
LOAD ./Generated_Code/ASerialLdd1.o
LOAD ./Generated_Code/BitIoLdd1.o
LOAD ./Generated_Code/BitIoLdd10.o
LOAD ./Generated_Code/BitIoLdd11.o
LOAD ./Generated_Code/BitIoLdd12.o
LOAD ./Generated_Code/BitIoLdd2.o
LOAD ./Generated_Code/BitIoLdd3.o
LOAD ./Generated_Code/BitIoLdd4.o
LOAD ./Generated_Code/BitIoLdd5.o
LOAD ./Generated_Code/BitIoLdd6.o
LOAD ./Generated_Code/BitIoLdd7.o
LOAD ./Generated_Code/BitIoLdd8.o
LOAD ./Generated_Code/BitIoLdd9.o
LOAD ./Generated_Code/Cpu.o
LOAD ./Generated_Code/Inhr1.o
LOAD ./Generated_Code/PE_LDD.o
LOAD ./Generated_Code/Pins1.o
LOAD ./Generated_Code/PwmLdd1.o
LOAD ./Generated_Code/RealTimeLdd1.o
LOAD ./Generated_Code/TU1.o
LOAD ./Generated_Code/TU2.o
LOAD ./Generated_Code/Term1.o
LOAD ./Generated_Code/mode0.o
LOAD ./Generated_Code/mode1.o
LOAD ./Generated_Code/mode2.o
LOAD ./Generated_Code/nEnable.o
LOAD ./Generated_Code/nReset.o
LOAD ./Generated_Code/nSleep.o
LOAD ./Generated_Code/spindle.o
LOAD ./Generated_Code/timer.o
LOAD ./Generated_Code/xDir.o
LOAD ./Generated_Code/xStep.o
LOAD ./Generated_Code/yDir.o
LOAD ./Generated_Code/yStep.o
LOAD ./Generated_Code/zDir.o
LOAD ./Generated_Code/zStep.o
LOAD c:/freescale/kds_v3/toolchain/bin/../lib/gcc/arm-none-eabi/4.8.4/../../../../arm-none-eabi/lib/armv7e-m/fpu\libstdc++_s.a
LOAD c:/freescale/kds_v3/toolchain/bin/../lib/gcc/arm-none-eabi/4.8.4/../../../../arm-none-eabi/lib/armv7e-m/fpu\libm.a
START GROUP
LOAD c:/freescale/kds_v3/toolchain/bin/../lib/gcc/arm-none-eabi/4.8.4/armv7e-m/fpu\libgcc.a
LOAD c:/freescale/kds_v3/toolchain/bin/../lib/gcc/arm-none-eabi/4.8.4/../../../../arm-none-eabi/lib/armv7e-m/fpu\libg_s.a
LOAD c:/freescale/kds_v3/toolchain/bin/../lib/gcc/arm-none-eabi/4.8.4/../../../../arm-none-eabi/lib/armv7e-m/fpu\libc_s.a
END GROUP
START GROUP
LOAD c:/freescale/kds_v3/toolchain/bin/../lib/gcc/arm-none-eabi/4.8.4/armv7e-m/fpu\libgcc.a
LOAD c:/freescale/kds_v3/toolchain/bin/../lib/gcc/arm-none-eabi/4.8.4/../../../../arm-none-eabi/lib/armv7e-m/fpu\libc_s.a
LOAD c:/freescale/kds_v3/toolchain/bin/../lib/gcc/arm-none-eabi/4.8.4/../../../../arm-none-eabi/lib/armv7e-m/fpu\libnosys.a
END GROUP
START GROUP
LOAD c:/freescale/kds_v3/toolchain/bin/../lib/gcc/arm-none-eabi/4.8.4/armv7e-m/fpu\libgcc.a
LOAD c:/freescale/kds_v3/toolchain/bin/../lib/gcc/arm-none-eabi/4.8.4/../../../../arm-none-eabi/lib/armv7e-m/fpu\libc_s.a
LOAD c:/freescale/kds_v3/toolchain/bin/../lib/gcc/arm-none-eabi/4.8.4/../../../../arm-none-eabi/lib/armv7e-m/fpu\libnosys.a
END GROUP
LOAD c:/freescale/kds_v3/toolchain/bin/../lib/gcc/arm-none-eabi/4.8.4/armv7e-m/fpu/crtend.o
LOAD c:/freescale/kds_v3/toolchain/bin/../lib/gcc/arm-none-eabi/4.8.4/armv7e-m/fpu/crtn.o
                0x20000000                _estack = 0x20000000
                0x20000000                __SP_INIT = _estack
                0x20000000                __stack = _estack
                0x00000000                __heap_size = 0x0
                0x00000400                __stack_size = 0x400

.interrupts     0x00000000      0x198
                0x00000000                __vector_table = .
                0x00000000                . = ALIGN (0x4)
 *(.vectortable)
 .vectortable   0x00000000      0x198 ./Static_Code/System/Vectors.o
                0x00000000                __vect_table
                0x00000198                . = ALIGN (0x4)

.cfmprotect     0x00000400       0x10
                0x00000400                . = ALIGN (0x4)
 *(.cfmconfig)
 .cfmconfig     0x00000400       0x10 ./Static_Code/System/CPU_Init.o
                0x00000400                _cfm
                0x00000410                . = ALIGN (0x4)

.text           0x00000410     0x34f0
                0x00000410                . = ALIGN (0x4)
 *(.text)
 .text          0x00000410       0x54 c:/freescale/kds_v3/toolchain/bin/../lib/gcc/arm-none-eabi/4.8.4/armv7e-m/fpu/crtbegin.o
 .text          0x00000464       0x74 c:/freescale/kds_v3/toolchain/bin/../lib/gcc/arm-none-eabi/4.8.4/../../../../arm-none-eabi/lib/armv7e-m/fpu/crt0.o
                0x00000464                _start
                0x00000464                _mainCRTStartup
 .text          0x000004d8       0x14 c:/freescale/kds_v3/toolchain/bin/../lib/gcc/arm-none-eabi/4.8.4/../../../../arm-none-eabi/lib/armv7e-m/fpu\libg_s.a(lib_a-strcmp.o)
                0x000004d8                strcmp
 *(.text*)
 .text.CPU_SetBASEPRI
                0x000004ec       0x18 ./Static_Code/System/CPU_Init.o
                0x000004ec                CPU_SetBASEPRI
 .text.__init_hardware
                0x00000504       0xb4 ./Static_Code/System/CPU_Init.o
                0x00000504                __init_hardware
 .text.PE_low_level_init
                0x000005b8       0x44 ./Static_Code/System/CPU_Init.o
                0x000005b8                PE_low_level_init
 .text.CPU_GetClockGenMode
                0x000005fc       0x90 ./Static_Code/System/CPU_Init.o
                0x000005fc                CPU_GetClockGenMode
 .text.CPU_SetClockConfigGenMode
                0x0000068c      0x54c ./Static_Code/System/CPU_Init.o
                0x0000068c                CPU_SetClockConfigGenMode
 .text.UnhandledInterrupt
                0x00000bd8       0x18 ./Static_Code/System/Vectors.o
                0x00000bd8                UnhandledInterrupt
 .text.Cpu_OnNMI
                0x00000bf0        0xc ./Sources/Events.o
                0x00000bf0                Cpu_OnNMI
 .text.Inhr1_OnRxChar
                0x00000bfc       0xb4 ./Sources/Events.o
                0x00000bfc                Inhr1_OnRxChar
 .text.timeDelay
                0x00000cb0       0x38 ./Sources/main.o
                0x00000cb0                timeDelay
 .text.main     0x00000ce8      0x300 ./Sources/main.o
                0x00000ce8                main
 .text.__copy_rom_section
                0x00000fe8       0xe4 ./Project_Settings/Startup_Code/startup.o
                0x00000fe8                __copy_rom_section
 .text.__copy_rom_sections_to_ram
                0x000010cc       0x9c ./Project_Settings/Startup_Code/startup.o
                0x000010cc                __copy_rom_sections_to_ram
 .text.__init_registers
                0x00001168       0x20 ./Project_Settings/Startup_Code/startup.o
                0x00001168                __init_registers
 .text.__init_user
                0x00001188        0xc ./Project_Settings/Startup_Code/startup.o
                0x00001188                __init_user
 .text.__thumb_startup
                0x00001194       0x34 ./Project_Settings/Startup_Code/startup.o
                0x00001194                __thumb_startup
 .text.ASerialLdd1_Init
                0x000011c8      0x1d8 ./Generated_Code/ASerialLdd1.o
                0x000011c8                ASerialLdd1_Init
 .text.ASerialLdd1_ReceiveBlock
                0x000013a0       0x90 ./Generated_Code/ASerialLdd1.o
                0x000013a0                ASerialLdd1_ReceiveBlock
 .text.ASerialLdd1_SendBlock
                0x00001430       0xbc ./Generated_Code/ASerialLdd1.o
                0x00001430                ASerialLdd1_SendBlock
 .text.InterruptRx
                0x000014ec       0x58 ./Generated_Code/ASerialLdd1.o
 .text.InterruptTx
                0x00001544       0x80 ./Generated_Code/ASerialLdd1.o
 .text.ASerialLdd1_Interrupt
                0x000015c4       0xf4 ./Generated_Code/ASerialLdd1.o
                0x000015c4                ASerialLdd1_Interrupt
 .text.ASerialLdd1_GetError
                0x000016b8       0x70 ./Generated_Code/ASerialLdd1.o
                0x000016b8                ASerialLdd1_GetError
 .text.BitIoLdd1_Init
                0x00001728       0x80 ./Generated_Code/BitIoLdd1.o
                0x00001728                BitIoLdd1_Init
 .text.BitIoLdd1_PutVal
                0x000017a8       0x34 ./Generated_Code/BitIoLdd1.o
                0x000017a8                BitIoLdd1_PutVal
 .text.BitIoLdd1_ClrVal
                0x000017dc       0x20 ./Generated_Code/BitIoLdd1.o
                0x000017dc                BitIoLdd1_ClrVal
 .text.BitIoLdd10_Init
                0x000017fc       0x80 ./Generated_Code/BitIoLdd10.o
                0x000017fc                BitIoLdd10_Init
 .text.BitIoLdd10_ClrVal
                0x0000187c       0x1c ./Generated_Code/BitIoLdd10.o
                0x0000187c                BitIoLdd10_ClrVal
 .text.BitIoLdd10_SetVal
                0x00001898       0x1c ./Generated_Code/BitIoLdd10.o
                0x00001898                BitIoLdd10_SetVal
 .text.BitIoLdd11_Init
                0x000018b4       0x80 ./Generated_Code/BitIoLdd11.o
                0x000018b4                BitIoLdd11_Init
 .text.BitIoLdd11_ClrVal
                0x00001934       0x1c ./Generated_Code/BitIoLdd11.o
                0x00001934                BitIoLdd11_ClrVal
 .text.BitIoLdd11_SetVal
                0x00001950       0x1c ./Generated_Code/BitIoLdd11.o
                0x00001950                BitIoLdd11_SetVal
 .text.BitIoLdd12_Init
                0x0000196c       0x80 ./Generated_Code/BitIoLdd12.o
                0x0000196c                BitIoLdd12_Init
 .text.BitIoLdd12_PutVal
                0x000019ec       0x34 ./Generated_Code/BitIoLdd12.o
                0x000019ec                BitIoLdd12_PutVal
 .text.BitIoLdd12_ClrVal
                0x00001a20       0x20 ./Generated_Code/BitIoLdd12.o
                0x00001a20                BitIoLdd12_ClrVal
 .text.BitIoLdd2_Init
                0x00001a40       0x80 ./Generated_Code/BitIoLdd2.o
                0x00001a40                BitIoLdd2_Init
 .text.BitIoLdd2_ClrVal
                0x00001ac0       0x1c ./Generated_Code/BitIoLdd2.o
                0x00001ac0                BitIoLdd2_ClrVal
 .text.BitIoLdd2_SetVal
                0x00001adc       0x1c ./Generated_Code/BitIoLdd2.o
                0x00001adc                BitIoLdd2_SetVal
 .text.BitIoLdd3_Init
                0x00001af8       0x80 ./Generated_Code/BitIoLdd3.o
                0x00001af8                BitIoLdd3_Init
 .text.BitIoLdd3_ClrVal
                0x00001b78       0x1c ./Generated_Code/BitIoLdd3.o
                0x00001b78                BitIoLdd3_ClrVal
 .text.BitIoLdd4_Init
                0x00001b94       0x80 ./Generated_Code/BitIoLdd4.o
                0x00001b94                BitIoLdd4_Init
 .text.BitIoLdd4_ClrVal
                0x00001c14       0x20 ./Generated_Code/BitIoLdd4.o
                0x00001c14                BitIoLdd4_ClrVal
 .text.BitIoLdd5_Init
                0x00001c34       0x80 ./Generated_Code/BitIoLdd5.o
                0x00001c34                BitIoLdd5_Init
 .text.BitIoLdd5_ClrVal
                0x00001cb4       0x20 ./Generated_Code/BitIoLdd5.o
                0x00001cb4                BitIoLdd5_ClrVal
 .text.BitIoLdd6_Init
                0x00001cd4       0x80 ./Generated_Code/BitIoLdd6.o
                0x00001cd4                BitIoLdd6_Init
 .text.BitIoLdd6_SetVal
                0x00001d54       0x1c ./Generated_Code/BitIoLdd6.o
                0x00001d54                BitIoLdd6_SetVal
 .text.BitIoLdd7_Init
                0x00001d70       0x80 ./Generated_Code/BitIoLdd7.o
                0x00001d70                BitIoLdd7_Init
 .text.BitIoLdd7_ClrVal
                0x00001df0       0x1c ./Generated_Code/BitIoLdd7.o
                0x00001df0                BitIoLdd7_ClrVal
 .text.BitIoLdd8_Init
                0x00001e0c       0x80 ./Generated_Code/BitIoLdd8.o
                0x00001e0c                BitIoLdd8_Init
 .text.BitIoLdd8_SetVal
                0x00001e8c       0x1c ./Generated_Code/BitIoLdd8.o
                0x00001e8c                BitIoLdd8_SetVal
 .text.BitIoLdd9_Init
                0x00001ea8       0x80 ./Generated_Code/BitIoLdd9.o
                0x00001ea8                BitIoLdd9_Init
 .text.BitIoLdd9_PutVal
                0x00001f28       0x34 ./Generated_Code/BitIoLdd9.o
                0x00001f28                BitIoLdd9_PutVal
 .text.BitIoLdd9_ClrVal
                0x00001f5c       0x20 ./Generated_Code/BitIoLdd9.o
                0x00001f5c                BitIoLdd9_ClrVal
 .text.Components_Init
                0x00001f7c       0x60 ./Generated_Code/Cpu.o
                0x00001f7c                Components_Init
 .text.Cpu_INT_NMIInterrupt
                0x00001fdc       0x1c ./Generated_Code/Cpu.o
                0x00001fdc                Cpu_INT_NMIInterrupt
 .text.HWEnDi   0x00001ff8       0x1c ./Generated_Code/Inhr1.o
 .text.Inhr1_RecvChar
                0x00002014       0xd8 ./Generated_Code/Inhr1.o
                0x00002014                Inhr1_RecvChar
 .text.Inhr1_SendChar
                0x000020ec       0xdc ./Generated_Code/Inhr1.o
                0x000020ec                Inhr1_SendChar
 .text.Inhr1_Init
                0x000021c8       0x60 ./Generated_Code/Inhr1.o
                0x000021c8                Inhr1_Init
 .text.ASerialLdd1_OnBlockReceived
                0x00002228       0x90 ./Generated_Code/Inhr1.o
                0x00002228                ASerialLdd1_OnBlockReceived
 .text.ASerialLdd1_OnBlockSent
                0x000022b8       0x88 ./Generated_Code/Inhr1.o
                0x000022b8                ASerialLdd1_OnBlockSent
 .text.ASerialLdd1_OnError
                0x00002340       0x98 ./Generated_Code/Inhr1.o
                0x00002340                ASerialLdd1_OnError
 .text.ASerialLdd1_OnBreak
                0x000023d8       0x24 ./Generated_Code/Inhr1.o
                0x000023d8                ASerialLdd1_OnBreak
 .text.PwmLdd1_Init
                0x000023fc       0x54 ./Generated_Code/PwmLdd1.o
                0x000023fc                PwmLdd1_Init
 .text.PwmLdd1_SetRatio8
                0x00002450       0x2c ./Generated_Code/PwmLdd1.o
                0x00002450                PwmLdd1_SetRatio8
 .text.SetRatio
                0x0000247c       0x54 ./Generated_Code/PwmLdd1.o
 .text.RealTimeLdd1_Init
                0x000024d0       0x5c ./Generated_Code/RealTimeLdd1.o
                0x000024d0                RealTimeLdd1_Init
 .text.RealTimeLdd1_Reset
                0x0000252c       0x74 ./Generated_Code/RealTimeLdd1.o
                0x0000252c                RealTimeLdd1_Reset
 .text.RealTimeLdd1_GetTimeMS
                0x000025a0       0xc0 ./Generated_Code/RealTimeLdd1.o
                0x000025a0                RealTimeLdd1_GetTimeMS
 .text.TU2_OnCounterRestart
                0x00002660       0x34 ./Generated_Code/RealTimeLdd1.o
                0x00002660                TU2_OnCounterRestart
 .text.TU1_Init
                0x00002694      0x10c ./Generated_Code/TU1.o
                0x00002694                TU1_Init
 .text.TU1_GetPeriodTicks
                0x000027a0       0x30 ./Generated_Code/TU1.o
                0x000027a0                TU1_GetPeriodTicks
 .text.TU1_SetOffsetTicks
                0x000027d0       0x44 ./Generated_Code/TU1.o
                0x000027d0                TU1_SetOffsetTicks
 .text.TU2_Init
                0x00002814       0xd4 ./Generated_Code/TU2.o
                0x00002814                TU2_Init
 .text.TU2_ResetCounter
                0x000028e8       0x20 ./Generated_Code/TU2.o
                0x000028e8                TU2_ResetCounter
 .text.TU2_Interrupt
                0x00002908       0x6c ./Generated_Code/TU2.o
                0x00002908                TU2_Interrupt
 .text.Term1_SendChar
                0x00002974       0x20 ./Generated_Code/Term1.o
                0x00002974                Term1_SendChar
 .text.exit     0x00002994       0x28 c:/freescale/kds_v3/toolchain/bin/../lib/gcc/arm-none-eabi/4.8.4/../../../../arm-none-eabi/lib/armv7e-m/fpu\libg_s.a(lib_a-exit.o)
                0x00002994                exit
 .text.__libc_init_array
                0x000029bc       0x4c c:/freescale/kds_v3/toolchain/bin/../lib/gcc/arm-none-eabi/4.8.4/../../../../arm-none-eabi/lib/armv7e-m/fpu\libg_s.a(lib_a-init.o)
                0x000029bc                __libc_init_array
 .text.memset   0x00002a08       0x10 c:/freescale/kds_v3/toolchain/bin/../lib/gcc/arm-none-eabi/4.8.4/../../../../arm-none-eabi/lib/armv7e-m/fpu\libg_s.a(lib_a-memset.o)
                0x00002a08                memset
 .text.sscanf   0x00002a18       0x54 c:/freescale/kds_v3/toolchain/bin/../lib/gcc/arm-none-eabi/4.8.4/../../../../arm-none-eabi/lib/armv7e-m/fpu\libg_s.a(lib_a-sscanf.o)
                0x00002a18                siscanf
                0x00002a18                sscanf
 .text.__seofread
                0x00002a6c        0x4 c:/freescale/kds_v3/toolchain/bin/../lib/gcc/arm-none-eabi/4.8.4/../../../../arm-none-eabi/lib/armv7e-m/fpu\libg_s.a(lib_a-stdio.o)
                0x00002a6c                __seofread
 .text.strlen   0x00002a70       0x10 c:/freescale/kds_v3/toolchain/bin/../lib/gcc/arm-none-eabi/4.8.4/../../../../arm-none-eabi/lib/armv7e-m/fpu\libg_s.a(lib_a-strlen.o)
                0x00002a70                strlen
 .text.strtok   0x00002a80       0x64 c:/freescale/kds_v3/toolchain/bin/../lib/gcc/arm-none-eabi/4.8.4/../../../../arm-none-eabi/lib/armv7e-m/fpu\libg_s.a(lib_a-strtok.o)
                0x00002a80                strtok
 .text.__strtok_r
                0x00002ae4       0x56 c:/freescale/kds_v3/toolchain/bin/../lib/gcc/arm-none-eabi/4.8.4/../../../../arm-none-eabi/lib/armv7e-m/fpu\libg_s.a(lib_a-strtok_r.o)
                0x00002ae4                __strtok_r
 .text._sungetc_r
                0x00002b3a       0x7a c:/freescale/kds_v3/toolchain/bin/../lib/gcc/arm-none-eabi/4.8.4/../../../../arm-none-eabi/lib/armv7e-m/fpu\libg_s.a(lib_a-svfscanf.o)
                0x00002b3a                _sungetc_r
 .text.__ssrefill_r
                0x00002bb4       0x3a c:/freescale/kds_v3/toolchain/bin/../lib/gcc/arm-none-eabi/4.8.4/../../../../arm-none-eabi/lib/armv7e-m/fpu\libg_s.a(lib_a-svfscanf.o)
                0x00002bb4                __ssrefill_r
 *fill*         0x00002bee        0x2 
 .text.__ssvfscanf_r
                0x00002bf0      0x29c c:/freescale/kds_v3/toolchain/bin/../lib/gcc/arm-none-eabi/4.8.4/../../../../arm-none-eabi/lib/armv7e-m/fpu\libg_s.a(lib_a-svfscanf.o)
                0x00002bf0                __ssvfiscanf_r
                0x00002bf0                __ssvfscanf_r
 .text.__submore
                0x00002e8c       0x76 c:/freescale/kds_v3/toolchain/bin/../lib/gcc/arm-none-eabi/4.8.4/../../../../arm-none-eabi/lib/armv7e-m/fpu\libg_s.a(lib_a-ungetc.o)
                0x00002e8c                __submore
 *fill*         0x00002f02        0x2 
 .text._scanf_chars
                0x00002f04       0xc0 c:/freescale/kds_v3/toolchain/bin/../lib/gcc/arm-none-eabi/4.8.4/../../../../arm-none-eabi/lib/armv7e-m/fpu\libg_s.a(lib_a-vfscanf_i.o)
                0x00002f04                _scanf_chars
 .text._scanf_i
                0x00002fc4      0x1ec c:/freescale/kds_v3/toolchain/bin/../lib/gcc/arm-none-eabi/4.8.4/../../../../arm-none-eabi/lib/armv7e-m/fpu\libg_s.a(lib_a-vfscanf_i.o)
                0x00002fc4                _scanf_i
 .text.malloc   0x000031b0       0x10 c:/freescale/kds_v3/toolchain/bin/../lib/gcc/arm-none-eabi/4.8.4/../../../../arm-none-eabi/lib/armv7e-m/fpu\libg_s.a(lib_a-malloc.o)
                0x000031b0                malloc
 .text.memchr   0x000031c0       0x1e c:/freescale/kds_v3/toolchain/bin/../lib/gcc/arm-none-eabi/4.8.4/../../../../arm-none-eabi/lib/armv7e-m/fpu\libg_s.a(lib_a-memchr-stub.o)
                0x000031c0                memchr
 .text.memcpy   0x000031de       0x12 c:/freescale/kds_v3/toolchain/bin/../lib/gcc/arm-none-eabi/4.8.4/../../../../arm-none-eabi/lib/armv7e-m/fpu\libg_s.a(lib_a-memcpy-stub.o)
                0x000031de                memcpy
 .text._free_r  0x000031f0       0x88 c:/freescale/kds_v3/toolchain/bin/../lib/gcc/arm-none-eabi/4.8.4/../../../../arm-none-eabi/lib/armv7e-m/fpu\libg_s.a(lib_a-nano-freer.o)
                0x000031f0                _free_r
 .text._malloc_r
                0x00003278       0xa8 c:/freescale/kds_v3/toolchain/bin/../lib/gcc/arm-none-eabi/4.8.4/../../../../arm-none-eabi/lib/armv7e-m/fpu\libg_s.a(lib_a-nano-mallocr.o)
                0x00003278                _malloc_r
 .text._realloc_r
                0x00003320       0x4c c:/freescale/kds_v3/toolchain/bin/../lib/gcc/arm-none-eabi/4.8.4/../../../../arm-none-eabi/lib/armv7e-m/fpu\libg_s.a(lib_a-nano-reallocr.o)
                0x00003320                _realloc_r
 .text._sbrk_r  0x0000336c       0x20 c:/freescale/kds_v3/toolchain/bin/../lib/gcc/arm-none-eabi/4.8.4/../../../../arm-none-eabi/lib/armv7e-m/fpu\libg_s.a(lib_a-sbrkr.o)
                0x0000336c                _sbrk_r
 .text.__sccl   0x0000338c       0x64 c:/freescale/kds_v3/toolchain/bin/../lib/gcc/arm-none-eabi/4.8.4/../../../../arm-none-eabi/lib/armv7e-m/fpu\libg_s.a(lib_a-sccl.o)
                0x0000338c                __sccl
 .text._strtol_r
                0x000033f0      0x104 c:/freescale/kds_v3/toolchain/bin/../lib/gcc/arm-none-eabi/4.8.4/../../../../arm-none-eabi/lib/armv7e-m/fpu\libg_s.a(lib_a-strtol.o)
                0x000033f0                _strtol_r
 .text._strtoul_r
                0x000034f4       0xf0 c:/freescale/kds_v3/toolchain/bin/../lib/gcc/arm-none-eabi/4.8.4/../../../../arm-none-eabi/lib/armv7e-m/fpu\libg_s.a(lib_a-strtoul.o)
                0x000034f4                _strtoul_r
 .text._malloc_usable_size_r
                0x000035e4       0x12 c:/freescale/kds_v3/toolchain/bin/../lib/gcc/arm-none-eabi/4.8.4/../../../../arm-none-eabi/lib/armv7e-m/fpu\libg_s.a(lib_a-nano-msizer.o)
                0x000035e4                _malloc_usable_size_r
 *fill*         0x000035f6        0x2 
 .text._sbrk    0x000035f8       0x34 c:/freescale/kds_v3/toolchain/bin/../lib/gcc/arm-none-eabi/4.8.4/../../../../arm-none-eabi/lib/armv7e-m/fpu\libnosys.a(sbrk.o)
                0x000035f8                _sbrk
 .text._exit    0x0000362c        0x4 c:/freescale/kds_v3/toolchain/bin/../lib/gcc/arm-none-eabi/4.8.4/../../../../arm-none-eabi/lib/armv7e-m/fpu\libnosys.a(_exit.o)
                0x0000362c                _exit
 *(.rodata)
 .rodata        0x00003630       0x28 ./Sources/main.o
 .rodata        0x00003658        0xc c:/freescale/kds_v3/toolchain/bin/../lib/gcc/arm-none-eabi/4.8.4/../../../../arm-none-eabi/lib/armv7e-m/fpu\libg_s.a(lib_a-vfscanf_i.o)
 *(.rodata*)
 .rodata.ClockGenModeMatrix
                0x00003664       0x80 ./Static_Code/System/CPU_Init.o
 .rodata.CPU_ClockConfigDescriptors
                0x000036e4       0x1c ./Static_Code/System/CPU_Init.o
 .rodata.CPU_DefaultFEI
                0x00003700        0x8 ./Static_Code/System/CPU_Init.o
 .rodata.CPU_DefaultFBI
                0x00003708        0x8 ./Static_Code/System/CPU_Init.o
 .rodata.CPU_DefaultBLPI
                0x00003710        0x8 ./Static_Code/System/CPU_Init.o
 .rodata.CPU_DefaultFEE
                0x00003718        0x8 ./Static_Code/System/CPU_Init.o
 .rodata.CPU_DefaultFBE
                0x00003720        0x8 ./Static_Code/System/CPU_Init.o
 .rodata.CPU_DefaultBLPE
                0x00003728        0x8 ./Static_Code/System/CPU_Init.o
 .rodata.CPU_DefaultPBE
                0x00003730        0x8 ./Static_Code/System/CPU_Init.o
 .rodata.CPU_DefaultPEE
                0x00003738        0x8 ./Static_Code/System/CPU_Init.o
 .rodata.CPU_ClockGenModeRegs
                0x00003740       0x20 ./Static_Code/System/CPU_Init.o
 .rodata.str1.1
                0x00003760        0x2 c:/freescale/kds_v3/toolchain/bin/../lib/gcc/arm-none-eabi/4.8.4/../../../../arm-none-eabi/lib/armv7e-m/fpu\libg_s.a(lib_a-impure.o)
 *fill*         0x00003762        0x2 
 .rodata._global_impure_ptr
                0x00003764        0x4 c:/freescale/kds_v3/toolchain/bin/../lib/gcc/arm-none-eabi/4.8.4/../../../../arm-none-eabi/lib/armv7e-m/fpu\libg_s.a(lib_a-impure.o)
                0x00003764                _global_impure_ptr
 .rodata.str1.1
                0x00003768        0x4 c:/freescale/kds_v3/toolchain/bin/../lib/gcc/arm-none-eabi/4.8.4/../../../../arm-none-eabi/lib/armv7e-m/fpu\libg_s.a(lib_a-svfscanf.o)
 .rodata.str1.1
                0x0000376c       0x1b c:/freescale/kds_v3/toolchain/bin/../lib/gcc/arm-none-eabi/4.8.4/../../../../arm-none-eabi/lib/armv7e-m/fpu\libg_s.a(lib_a-vfscanf_i.o)
 .rodata._ctype_
                0x00003787      0x101 c:/freescale/kds_v3/toolchain/bin/../lib/gcc/arm-none-eabi/4.8.4/../../../../arm-none-eabi/lib/armv7e-m/fpu\libg_s.a(lib_a-ctype_.o)
                0x00003787                _ctype_
 .rodata.__sf_fake_stdin
                0x00003888       0x20 c:/freescale/kds_v3/toolchain/bin/../lib/gcc/arm-none-eabi/4.8.4/../../../../arm-none-eabi/lib/armv7e-m/fpu\libg_s.a(lib_a-findfp.o)
                0x00003888                __sf_fake_stdin
 .rodata.__sf_fake_stdout
                0x000038a8       0x20 c:/freescale/kds_v3/toolchain/bin/../lib/gcc/arm-none-eabi/4.8.4/../../../../arm-none-eabi/lib/armv7e-m/fpu\libg_s.a(lib_a-findfp.o)
                0x000038a8                __sf_fake_stdout
 .rodata.__sf_fake_stderr
                0x000038c8       0x20 c:/freescale/kds_v3/toolchain/bin/../lib/gcc/arm-none-eabi/4.8.4/../../../../arm-none-eabi/lib/armv7e-m/fpu\libg_s.a(lib_a-findfp.o)
                0x000038c8                __sf_fake_stderr
 *(.glue_7)
 .glue_7        0x00000000        0x0 linker stubs
 *(.glue_7t)
 .glue_7t       0x00000000        0x0 linker stubs
 *(.eh_frame)
 .eh_frame      0x000038e8        0x0 c:/freescale/kds_v3/toolchain/bin/../lib/gcc/arm-none-eabi/4.8.4/armv7e-m/fpu/crtbegin.o
 *(.init)
 .init          0x000038e8        0x4 c:/freescale/kds_v3/toolchain/bin/../lib/gcc/arm-none-eabi/4.8.4/armv7e-m/fpu/crti.o
                0x000038e8                _init
 .init          0x000038ec        0x8 c:/freescale/kds_v3/toolchain/bin/../lib/gcc/arm-none-eabi/4.8.4/armv7e-m/fpu/crtn.o
 *(.fini)
 .fini          0x000038f4        0x4 c:/freescale/kds_v3/toolchain/bin/../lib/gcc/arm-none-eabi/4.8.4/armv7e-m/fpu/crti.o
                0x000038f4                _fini
 .fini          0x000038f8        0x8 c:/freescale/kds_v3/toolchain/bin/../lib/gcc/arm-none-eabi/4.8.4/armv7e-m/fpu/crtn.o
                0x00003900                . = ALIGN (0x4)
                0x00003900                _etext = .

.vfp11_veneer   0x00003900        0x0
 .vfp11_veneer  0x00000000        0x0 linker stubs

.v4_bx          0x00003900        0x0
 .v4_bx         0x00000000        0x0 linker stubs

.iplt           0x00003900        0x0
 .iplt          0x00000000        0x0 c:/freescale/kds_v3/toolchain/bin/../lib/gcc/arm-none-eabi/4.8.4/armv7e-m/fpu/crtbegin.o

.ARM.extab
 *(.ARM.extab* .gnu.linkonce.armextab.*)

.ARM            0x00003900        0x8
                0x00003900                __exidx_start = .
 *(.ARM.exidx*)
 .ARM.exidx     0x00003900        0x8 c:/freescale/kds_v3/toolchain/bin/../lib/gcc/arm-none-eabi/4.8.4/../../../../arm-none-eabi/lib/armv7e-m/fpu/crt0.o
                0x00003908                __exidx_end = .

.rel.dyn        0x00003908        0x0
 .rel.iplt      0x00000000        0x0 c:/freescale/kds_v3/toolchain/bin/../lib/gcc/arm-none-eabi/4.8.4/armv7e-m/fpu/crtbegin.o

.ctors          0x00003908        0x0
                0x00003908                __CTOR_LIST__ = .
 *crtbegin.o(.ctors)
 *(EXCLUDE_FILE(*crtend.o) .ctors)
 *(SORT(.ctors.*))
 *(.ctors)
                0x00003908                __CTOR_END__ = .

.dtors          0x00003908        0x0
                0x00003908                __DTOR_LIST__ = .
 *crtbegin.o(.dtors)
 *(EXCLUDE_FILE(*crtend.o) .dtors)
 *(SORT(.dtors.*))
 *(.dtors)
                0x00003908                __DTOR_END__ = .

.preinit_array  0x00003908        0x0
                0x00003908                PROVIDE (__preinit_array_start, .)
 *(.preinit_array*)
                0x00003908                PROVIDE (__preinit_array_end, .)

.init_array     0x00003908        0x4
                0x00003908                PROVIDE (__init_array_start, .)
 *(SORT(.init_array.*))
 *(.init_array*)
 .init_array    0x00003908        0x4 c:/freescale/kds_v3/toolchain/bin/../lib/gcc/arm-none-eabi/4.8.4/armv7e-m/fpu/crtbegin.o
                0x0000390c                PROVIDE (__init_array_end, .)

.fini_array     0x0000390c        0x4
                0x0000390c                PROVIDE (__fini_array_start, .)
 *(SORT(.fini_array.*))
 *(.fini_array*)
 .fini_array    0x0000390c        0x4 c:/freescale/kds_v3/toolchain/bin/../lib/gcc/arm-none-eabi/4.8.4/armv7e-m/fpu/crtbegin.o
                0x00003910                PROVIDE (__fini_array_end, .)
                0x00003910                ___ROM_AT = .

.data           0x1fff0000       0x68 load address 0x00003910
                0x1fff0000                . = ALIGN (0x4)
                0x1fff0000                _sdata = .
 *(.data)
 *(.data*)
 .data.impure_data
                0x1fff0000       0x60 c:/freescale/kds_v3/toolchain/bin/../lib/gcc/arm-none-eabi/4.8.4/../../../../arm-none-eabi/lib/armv7e-m/fpu\libg_s.a(lib_a-impure.o)
 .data._impure_ptr
                0x1fff0060        0x4 c:/freescale/kds_v3/toolchain/bin/../lib/gcc/arm-none-eabi/4.8.4/../../../../arm-none-eabi/lib/armv7e-m/fpu\libg_s.a(lib_a-impure.o)
                0x1fff0060                _impure_ptr
 .data.__ctype_ptr__
                0x1fff0064        0x4 c:/freescale/kds_v3/toolchain/bin/../lib/gcc/arm-none-eabi/4.8.4/../../../../arm-none-eabi/lib/armv7e-m/fpu\libg_s.a(lib_a-ctype_.o)
                0x1fff0064                __ctype_ptr__
                0x1fff0068                . = ALIGN (0x4)
                0x1fff0068                _edata = .
                0x00000068                ___data_size = (_edata - _sdata)
                0x00003978                ___m_data_20000000_ROMStart = (___ROM_AT + SIZEOF (.data))

.jcr            0x1fff0068        0x0 load address 0x00003978
 .jcr           0x1fff0068        0x0 c:/freescale/kds_v3/toolchain/bin/../lib/gcc/arm-none-eabi/4.8.4/armv7e-m/fpu/crtbegin.o

.igot.plt       0x1fff0068        0x0 load address 0x00003978
 .igot.plt      0x00000000        0x0 c:/freescale/kds_v3/toolchain/bin/../lib/gcc/arm-none-eabi/4.8.4/armv7e-m/fpu/crtbegin.o

.m_data_20000000
                0x20000000        0x0 load address 0x00003978
                0x20000000                . = ALIGN (0x4)
                0x20000000                ___m_data_20000000_RAMStart = .
 *(.m_data_20000000)
                0x20000000                ___m_data_20000000_RAMEnd = .
                0x20000000                . = ALIGN (0x4)
                0x00000000                ___m_data_20000000_ROMSize = (___m_data_20000000_RAMEnd - ___m_data_20000000_RAMStart)
                0x20000000                . = ALIGN (0x4)

.bss            0x1fff0068      0x310 load address 0x00003978
                0x1fff0068                __START_BSS = .
                0x1fff0068                PROVIDE (__bss_start__, __START_BSS)
 *(.bss)
 .bss           0x1fff0068       0x1c c:/freescale/kds_v3/toolchain/bin/../lib/gcc/arm-none-eabi/4.8.4/armv7e-m/fpu/crtbegin.o
 *(.bss*)
 .bss.SR_lock   0x1fff0084        0x1 ./Static_Code/System/CPU_Init.o
                0x1fff0084                SR_lock
 .bss.index     0x1fff0085        0x1 ./Sources/main.o
                0x1fff0085                index
 .bss.complete_command
                0x1fff0086        0x1 ./Sources/main.o
                0x1fff0086                complete_command
 *fill*         0x1fff0087        0x1 
 .bss.DeviceDataPrv__DEFAULT_RTOS_ALLOC
                0x1fff0088       0x20 ./Generated_Code/ASerialLdd1.o
 .bss.INT_UART1_RX_TX__DEFAULT_RTOS_ISRPARAM
                0x1fff00a8        0x4 ./Generated_Code/ASerialLdd1.o
 .bss.INT_UART1_ERR__DEFAULT_RTOS_ISRPARAM
                0x1fff00ac        0x4 ./Generated_Code/ASerialLdd1.o
 .bss.DeviceDataPrv__DEFAULT_RTOS_ALLOC
                0x1fff00b0        0x4 ./Generated_Code/BitIoLdd1.o
 .bss.DeviceDataPrv__DEFAULT_RTOS_ALLOC
                0x1fff00b4        0x4 ./Generated_Code/BitIoLdd10.o
 .bss.DeviceDataPrv__DEFAULT_RTOS_ALLOC
                0x1fff00b8        0x4 ./Generated_Code/BitIoLdd11.o
 .bss.DeviceDataPrv__DEFAULT_RTOS_ALLOC
                0x1fff00bc        0x4 ./Generated_Code/BitIoLdd12.o
 .bss.DeviceDataPrv__DEFAULT_RTOS_ALLOC
                0x1fff00c0        0x4 ./Generated_Code/BitIoLdd2.o
 .bss.DeviceDataPrv__DEFAULT_RTOS_ALLOC
                0x1fff00c4        0x4 ./Generated_Code/BitIoLdd3.o
 .bss.DeviceDataPrv__DEFAULT_RTOS_ALLOC
                0x1fff00c8        0x4 ./Generated_Code/BitIoLdd4.o
 .bss.DeviceDataPrv__DEFAULT_RTOS_ALLOC
                0x1fff00cc        0x4 ./Generated_Code/BitIoLdd5.o
 .bss.DeviceDataPrv__DEFAULT_RTOS_ALLOC
                0x1fff00d0        0x4 ./Generated_Code/BitIoLdd6.o
 .bss.DeviceDataPrv__DEFAULT_RTOS_ALLOC
                0x1fff00d4        0x4 ./Generated_Code/BitIoLdd7.o
 .bss.DeviceDataPrv__DEFAULT_RTOS_ALLOC
                0x1fff00d8        0x4 ./Generated_Code/BitIoLdd8.o
 .bss.DeviceDataPrv__DEFAULT_RTOS_ALLOC
                0x1fff00dc        0x4 ./Generated_Code/BitIoLdd9.o
 .bss.SerFlag   0x1fff00e0        0x2 ./Generated_Code/Inhr1.o
 .bss.Inhr1_InpLen
                0x1fff00e2        0x2 ./Generated_Code/Inhr1.o
 .bss.InpIndexR
                0x1fff00e4        0x2 ./Generated_Code/Inhr1.o
 .bss.InpIndexW
                0x1fff00e6        0x2 ./Generated_Code/Inhr1.o
 .bss.InpBuffer
                0x1fff00e8       0xc8 ./Generated_Code/Inhr1.o
 .bss.BufferRead
                0x1fff01b0        0x1 ./Generated_Code/Inhr1.o
 *fill*         0x1fff01b1        0x1 
 .bss.Inhr1_OutLen
                0x1fff01b2        0x2 ./Generated_Code/Inhr1.o
 .bss.OutIndexR
                0x1fff01b4        0x2 ./Generated_Code/Inhr1.o
 .bss.OutIndexW
                0x1fff01b6        0x2 ./Generated_Code/Inhr1.o
 .bss.OutBuffer
                0x1fff01b8       0xc8 ./Generated_Code/Inhr1.o
 .bss.PE_LDD_DeviceDataList
                0x1fff0280       0x44 ./Generated_Code/PE_LDD.o
                0x1fff0280                PE_LDD_DeviceDataList
 .bss.DeviceDataPrv__DEFAULT_RTOS_ALLOC
                0x1fff02c4        0xc ./Generated_Code/PwmLdd1.o
 .bss.DeviceDataPrv__DEFAULT_RTOS_ALLOC
                0x1fff02d0       0x14 ./Generated_Code/RealTimeLdd1.o
 .bss.DeviceDataPrv__DEFAULT_RTOS_ALLOC
                0x1fff02e4        0x8 ./Generated_Code/TU1.o
 .bss.DeviceDataPrv__DEFAULT_RTOS_ALLOC
                0x1fff02ec        0xc ./Generated_Code/TU2.o
 .bss.INT_FTM1__DEFAULT_RTOS_ISRPARAM
                0x1fff02f8        0x4 ./Generated_Code/TU2.o
 .bss.__malloc_sbrk_start
                0x1fff02fc        0x4 c:/freescale/kds_v3/toolchain/bin/../lib/gcc/arm-none-eabi/4.8.4/../../../../arm-none-eabi/lib/armv7e-m/fpu\libg_s.a(lib_a-nano-mallocr.o)
                0x1fff02fc                __malloc_sbrk_start
 .bss.__malloc_free_list
                0x1fff0300        0x4 c:/freescale/kds_v3/toolchain/bin/../lib/gcc/arm-none-eabi/4.8.4/../../../../arm-none-eabi/lib/armv7e-m/fpu\libg_s.a(lib_a-nano-mallocr.o)
                0x1fff0300                __malloc_free_list
 .bss.heap_end.4246
                0x1fff0304        0x4 c:/freescale/kds_v3/toolchain/bin/../lib/gcc/arm-none-eabi/4.8.4/../../../../arm-none-eabi/lib/armv7e-m/fpu\libnosys.a(sbrk.o)
 *(COMMON)
 COMMON         0x1fff0308        0x1 ./Static_Code/System/CPU_Init.o
                0x1fff0308                SR_reg
 *fill*         0x1fff0309        0x3 
 COMMON         0x1fff030c       0x64 ./Sources/main.o
                0x1fff030c                buffer
 COMMON         0x1fff0370        0x4 ./Generated_Code/Inhr1.o
                0x1fff0370                ASerialLdd1_DeviceDataPtr
 COMMON         0x1fff0374        0x4 c:/freescale/kds_v3/toolchain/bin/../lib/gcc/arm-none-eabi/4.8.4/../../../../arm-none-eabi/lib/armv7e-m/fpu\libg_s.a(lib_a-reent.o)
                0x1fff0374                errno
                0x1fff0378                . = ALIGN (0x4)
                0x1fff0378                __END_BSS = .
                0x1fff0378                PROVIDE (__bss_end__, __END_BSS)
                0x00003978                _romp_at = ((___ROM_AT + SIZEOF (.data)) + SIZEOF (.m_data_20000000))

.romp           0x1fff0378       0x24 load address 0x00003978
                0x00003978                __S_romp = _romp_at
                0x1fff0378        0x4 LONG 0x3910 ___ROM_AT
                0x1fff037c        0x4 LONG 0x1fff0000 _sdata
                0x1fff0380        0x4 LONG 0x68 ___data_size
                0x1fff0384        0x4 LONG 0x3978 ___m_data_20000000_ROMStart
                0x1fff0388        0x4 LONG 0x20000000 ___m_data_20000000_RAMStart
                0x1fff038c        0x4 LONG 0x0 ___m_data_20000000_ROMSize
                0x1fff0390        0x4 LONG 0x0
                0x1fff0394        0x4 LONG 0x0
                0x1fff0398        0x4 LONG 0x0
                0x00080000                text_end = (ORIGIN (m_text) + 0x7fbf0)
                0x0000399c                data_init_end = ((___m_data_20000000_ROMStart + SIZEOF (.m_data_20000000)) + SIZEOF (.romp))
                0x00000001                ASSERT ((data_init_end <= text_end), region m_text overflowed with text and data)

._user_heap_stack
                0x1fff039c      0x400 load address 0x0000399c
                0x1fff039c                . = ALIGN (0x4)
                0x1fff039c                PROVIDE (end, .)
                0x1fff039c                PROVIDE (_end, .)
                0x1fff039c                PROVIDE (__end__, .)
                0x1fff039c                __heap_addr = .
                0x1fff039c                __HeapBase = .
                0x1fff039c                . = (. + __heap_size)
                0x1fff039c                __HeapLimit = .
                0x1fff079c                . = (. + __stack_size)
 *fill*         0x1fff039c      0x400 
                0x1fff079c                . = ALIGN (0x4)

.ARM.attributes
                0x00000000       0x30
 *(.ARM.attributes)
 .ARM.attributes
                0x00000000       0x22 c:/freescale/kds_v3/toolchain/bin/../lib/gcc/arm-none-eabi/4.8.4/armv7e-m/fpu/crti.o
 .ARM.attributes
                0x00000022       0x34 c:/freescale/kds_v3/toolchain/bin/../lib/gcc/arm-none-eabi/4.8.4/armv7e-m/fpu/crtbegin.o
 .ARM.attributes
                0x00000056       0x20 c:/freescale/kds_v3/toolchain/bin/../lib/gcc/arm-none-eabi/4.8.4/../../../../arm-none-eabi/lib/armv7e-m/fpu/crt0.o
 .ARM.attributes
                0x00000076       0x39 ./Static_Code/System/CPU_Init.o
 .ARM.attributes
                0x000000af       0x39 ./Static_Code/System/Vectors.o
 .ARM.attributes
                0x000000e8       0x39 ./Sources/Events.o
 .ARM.attributes
                0x00000121       0x39 ./Sources/main.o
 .ARM.attributes
                0x0000015a       0x39 ./Project_Settings/Startup_Code/startup.o
 .ARM.attributes
                0x00000193       0x39 ./Generated_Code/ASerialLdd1.o
 .ARM.attributes
                0x000001cc       0x39 ./Generated_Code/BitIoLdd1.o
 .ARM.attributes
                0x00000205       0x39 ./Generated_Code/BitIoLdd10.o
 .ARM.attributes
                0x0000023e       0x39 ./Generated_Code/BitIoLdd11.o
 .ARM.attributes
                0x00000277       0x39 ./Generated_Code/BitIoLdd12.o
 .ARM.attributes
                0x000002b0       0x39 ./Generated_Code/BitIoLdd2.o
 .ARM.attributes
                0x000002e9       0x39 ./Generated_Code/BitIoLdd3.o
 .ARM.attributes
                0x00000322       0x39 ./Generated_Code/BitIoLdd4.o
 .ARM.attributes
                0x0000035b       0x39 ./Generated_Code/BitIoLdd5.o
 .ARM.attributes
                0x00000394       0x39 ./Generated_Code/BitIoLdd6.o
 .ARM.attributes
                0x000003cd       0x39 ./Generated_Code/BitIoLdd7.o
 .ARM.attributes
                0x00000406       0x39 ./Generated_Code/BitIoLdd8.o
 .ARM.attributes
                0x0000043f       0x39 ./Generated_Code/BitIoLdd9.o
 .ARM.attributes
                0x00000478       0x39 ./Generated_Code/Cpu.o
 .ARM.attributes
                0x000004b1       0x39 ./Generated_Code/Inhr1.o
 .ARM.attributes
                0x000004ea       0x39 ./Generated_Code/PE_LDD.o
 .ARM.attributes
                0x00000523       0x39 ./Generated_Code/PwmLdd1.o
 .ARM.attributes
                0x0000055c       0x39 ./Generated_Code/RealTimeLdd1.o
 .ARM.attributes
                0x00000595       0x39 ./Generated_Code/TU1.o
 .ARM.attributes
                0x000005ce       0x39 ./Generated_Code/TU2.o
 .ARM.attributes
                0x00000607       0x39 ./Generated_Code/Term1.o
 .ARM.attributes
                0x00000640       0x34 c:/freescale/kds_v3/toolchain/bin/../lib/gcc/arm-none-eabi/4.8.4/../../../../arm-none-eabi/lib/armv7e-m/fpu\libg_s.a(lib_a-exit.o)
 .ARM.attributes
                0x00000674       0x34 c:/freescale/kds_v3/toolchain/bin/../lib/gcc/arm-none-eabi/4.8.4/../../../../arm-none-eabi/lib/armv7e-m/fpu\libg_s.a(lib_a-impure.o)
 .ARM.attributes
                0x000006a8       0x34 c:/freescale/kds_v3/toolchain/bin/../lib/gcc/arm-none-eabi/4.8.4/../../../../arm-none-eabi/lib/armv7e-m/fpu\libg_s.a(lib_a-init.o)
 .ARM.attributes
                0x000006dc       0x34 c:/freescale/kds_v3/toolchain/bin/../lib/gcc/arm-none-eabi/4.8.4/../../../../arm-none-eabi/lib/armv7e-m/fpu\libg_s.a(lib_a-memset.o)
 .ARM.attributes
                0x00000710       0x34 c:/freescale/kds_v3/toolchain/bin/../lib/gcc/arm-none-eabi/4.8.4/../../../../arm-none-eabi/lib/armv7e-m/fpu\libg_s.a(lib_a-sscanf.o)
 .ARM.attributes
                0x00000744       0x34 c:/freescale/kds_v3/toolchain/bin/../lib/gcc/arm-none-eabi/4.8.4/../../../../arm-none-eabi/lib/armv7e-m/fpu\libg_s.a(lib_a-stdio.o)
 .ARM.attributes
                0x00000778       0x20 c:/freescale/kds_v3/toolchain/bin/../lib/gcc/arm-none-eabi/4.8.4/../../../../arm-none-eabi/lib/armv7e-m/fpu\libg_s.a(lib_a-strcmp.o)
 .ARM.attributes
                0x00000798       0x34 c:/freescale/kds_v3/toolchain/bin/../lib/gcc/arm-none-eabi/4.8.4/../../../../arm-none-eabi/lib/armv7e-m/fpu\libg_s.a(lib_a-strlen.o)
 .ARM.attributes
                0x000007cc       0x34 c:/freescale/kds_v3/toolchain/bin/../lib/gcc/arm-none-eabi/4.8.4/../../../../arm-none-eabi/lib/armv7e-m/fpu\libg_s.a(lib_a-strtok.o)
 .ARM.attributes
                0x00000800       0x34 c:/freescale/kds_v3/toolchain/bin/../lib/gcc/arm-none-eabi/4.8.4/../../../../arm-none-eabi/lib/armv7e-m/fpu\libg_s.a(lib_a-strtok_r.o)
 .ARM.attributes
                0x00000834       0x34 c:/freescale/kds_v3/toolchain/bin/../lib/gcc/arm-none-eabi/4.8.4/../../../../arm-none-eabi/lib/armv7e-m/fpu\libg_s.a(lib_a-svfscanf.o)
 .ARM.attributes
                0x00000868       0x34 c:/freescale/kds_v3/toolchain/bin/../lib/gcc/arm-none-eabi/4.8.4/../../../../arm-none-eabi/lib/armv7e-m/fpu\libg_s.a(lib_a-ungetc.o)
 .ARM.attributes
                0x0000089c       0x34 c:/freescale/kds_v3/toolchain/bin/../lib/gcc/arm-none-eabi/4.8.4/../../../../arm-none-eabi/lib/armv7e-m/fpu\libg_s.a(lib_a-vfscanf_i.o)
 .ARM.attributes
                0x000008d0       0x34 c:/freescale/kds_v3/toolchain/bin/../lib/gcc/arm-none-eabi/4.8.4/../../../../arm-none-eabi/lib/armv7e-m/fpu\libg_s.a(lib_a-ctype_.o)
 .ARM.attributes
                0x00000904       0x34 c:/freescale/kds_v3/toolchain/bin/../lib/gcc/arm-none-eabi/4.8.4/../../../../arm-none-eabi/lib/armv7e-m/fpu\libg_s.a(lib_a-findfp.o)
 .ARM.attributes
                0x00000938       0x34 c:/freescale/kds_v3/toolchain/bin/../lib/gcc/arm-none-eabi/4.8.4/../../../../arm-none-eabi/lib/armv7e-m/fpu\libg_s.a(lib_a-malloc.o)
 .ARM.attributes
                0x0000096c       0x34 c:/freescale/kds_v3/toolchain/bin/../lib/gcc/arm-none-eabi/4.8.4/../../../../arm-none-eabi/lib/armv7e-m/fpu\libg_s.a(lib_a-memchr-stub.o)
 .ARM.attributes
                0x000009a0       0x34 c:/freescale/kds_v3/toolchain/bin/../lib/gcc/arm-none-eabi/4.8.4/../../../../arm-none-eabi/lib/armv7e-m/fpu\libg_s.a(lib_a-memcpy-stub.o)
 .ARM.attributes
                0x000009d4       0x34 c:/freescale/kds_v3/toolchain/bin/../lib/gcc/arm-none-eabi/4.8.4/../../../../arm-none-eabi/lib/armv7e-m/fpu\libg_s.a(lib_a-nano-freer.o)
 .ARM.attributes
                0x00000a08       0x34 c:/freescale/kds_v3/toolchain/bin/../lib/gcc/arm-none-eabi/4.8.4/../../../../arm-none-eabi/lib/armv7e-m/fpu\libg_s.a(lib_a-nano-mallocr.o)
 .ARM.attributes
                0x00000a3c       0x34 c:/freescale/kds_v3/toolchain/bin/../lib/gcc/arm-none-eabi/4.8.4/../../../../arm-none-eabi/lib/armv7e-m/fpu\libg_s.a(lib_a-nano-reallocr.o)
 .ARM.attributes
                0x00000a70       0x34 c:/freescale/kds_v3/toolchain/bin/../lib/gcc/arm-none-eabi/4.8.4/../../../../arm-none-eabi/lib/armv7e-m/fpu\libg_s.a(lib_a-reent.o)
 .ARM.attributes
                0x00000aa4       0x34 c:/freescale/kds_v3/toolchain/bin/../lib/gcc/arm-none-eabi/4.8.4/../../../../arm-none-eabi/lib/armv7e-m/fpu\libg_s.a(lib_a-sbrkr.o)
 .ARM.attributes
                0x00000ad8       0x34 c:/freescale/kds_v3/toolchain/bin/../lib/gcc/arm-none-eabi/4.8.4/../../../../arm-none-eabi/lib/armv7e-m/fpu\libg_s.a(lib_a-sccl.o)
 .ARM.attributes
                0x00000b0c       0x34 c:/freescale/kds_v3/toolchain/bin/../lib/gcc/arm-none-eabi/4.8.4/../../../../arm-none-eabi/lib/armv7e-m/fpu\libg_s.a(lib_a-strtol.o)
 .ARM.attributes
                0x00000b40       0x34 c:/freescale/kds_v3/toolchain/bin/../lib/gcc/arm-none-eabi/4.8.4/../../../../arm-none-eabi/lib/armv7e-m/fpu\libg_s.a(lib_a-strtoul.o)
 .ARM.attributes
                0x00000b74       0x34 c:/freescale/kds_v3/toolchain/bin/../lib/gcc/arm-none-eabi/4.8.4/../../../../arm-none-eabi/lib/armv7e-m/fpu\libg_s.a(lib_a-nano-msizer.o)
 .ARM.attributes
                0x00000ba8       0x34 c:/freescale/kds_v3/toolchain/bin/../lib/gcc/arm-none-eabi/4.8.4/../../../../arm-none-eabi/lib/armv7e-m/fpu\libnosys.a(sbrk.o)
 .ARM.attributes
                0x00000bdc       0x34 c:/freescale/kds_v3/toolchain/bin/../lib/gcc/arm-none-eabi/4.8.4/../../../../arm-none-eabi/lib/armv7e-m/fpu\libnosys.a(_exit.o)
 .ARM.attributes
                0x00000c10       0x22 c:/freescale/kds_v3/toolchain/bin/../lib/gcc/arm-none-eabi/4.8.4/armv7e-m/fpu/crtn.o
OUTPUT(Assignment_2_Test.elf elf32-littlearm)

.debug_info     0x00000000     0x7fb8
 .debug_info    0x00000000      0xab8 ./Static_Code/System/CPU_Init.o
 .debug_info    0x00000ab8      0x826 ./Static_Code/System/Vectors.o
 .debug_info    0x000012de      0x10a ./Sources/Events.o
 .debug_info    0x000013e8      0x347 ./Sources/main.o
 .debug_info    0x0000172f      0x3b0 ./Project_Settings/Startup_Code/startup.o
 .debug_info    0x00001adf      0xa74 ./Generated_Code/ASerialLdd1.o
 .debug_info    0x00002553      0x503 ./Generated_Code/BitIoLdd1.o
 .debug_info    0x00002a56      0x503 ./Generated_Code/BitIoLdd10.o
 .debug_info    0x00002f59      0x503 ./Generated_Code/BitIoLdd11.o
 .debug_info    0x0000345c      0x503 ./Generated_Code/BitIoLdd12.o
 .debug_info    0x0000395f      0x503 ./Generated_Code/BitIoLdd2.o
 .debug_info    0x00003e62      0x539 ./Generated_Code/BitIoLdd3.o
 .debug_info    0x0000439b      0x539 ./Generated_Code/BitIoLdd4.o
 .debug_info    0x000048d4      0x539 ./Generated_Code/BitIoLdd5.o
 .debug_info    0x00004e0d      0x503 ./Generated_Code/BitIoLdd6.o
 .debug_info    0x00005310      0x503 ./Generated_Code/BitIoLdd7.o
 .debug_info    0x00005813      0x503 ./Generated_Code/BitIoLdd8.o
 .debug_info    0x00005d16      0x503 ./Generated_Code/BitIoLdd9.o
 .debug_info    0x00006219       0xa7 ./Generated_Code/Cpu.o
 .debug_info    0x000062c0      0x367 ./Generated_Code/Inhr1.o
 .debug_info    0x00006627      0x251 ./Generated_Code/PE_LDD.o
 .debug_info    0x00006878      0x333 ./Generated_Code/PwmLdd1.o
 .debug_info    0x00006bab      0x36e ./Generated_Code/RealTimeLdd1.o
 .debug_info    0x00006f19      0x763 ./Generated_Code/TU1.o
 .debug_info    0x0000767c      0x682 ./Generated_Code/TU2.o
 .debug_info    0x00007cfe      0x2ba ./Generated_Code/Term1.o

.debug_abbrev   0x00000000     0x225e
 .debug_abbrev  0x00000000      0x1bf ./Static_Code/System/CPU_Init.o
 .debug_abbrev  0x000001bf       0xd8 ./Static_Code/System/Vectors.o
 .debug_abbrev  0x00000297       0xa5 ./Sources/Events.o
 .debug_abbrev  0x0000033c      0x14c ./Sources/main.o
 .debug_abbrev  0x00000488      0x189 ./Project_Settings/Startup_Code/startup.o
 .debug_abbrev  0x00000611      0x1e8 ./Generated_Code/ASerialLdd1.o
 .debug_abbrev  0x000007f9      0x15d ./Generated_Code/BitIoLdd1.o
 .debug_abbrev  0x00000956      0x15d ./Generated_Code/BitIoLdd10.o
 .debug_abbrev  0x00000ab3      0x15d ./Generated_Code/BitIoLdd11.o
 .debug_abbrev  0x00000c10      0x15d ./Generated_Code/BitIoLdd12.o
 .debug_abbrev  0x00000d6d      0x15d ./Generated_Code/BitIoLdd2.o
 .debug_abbrev  0x00000eca      0x186 ./Generated_Code/BitIoLdd3.o
 .debug_abbrev  0x00001050      0x186 ./Generated_Code/BitIoLdd4.o
 .debug_abbrev  0x000011d6      0x186 ./Generated_Code/BitIoLdd5.o
 .debug_abbrev  0x0000135c      0x15d ./Generated_Code/BitIoLdd6.o
 .debug_abbrev  0x000014b9      0x15d ./Generated_Code/BitIoLdd7.o
 .debug_abbrev  0x00001616      0x15d ./Generated_Code/BitIoLdd8.o
 .debug_abbrev  0x00001773      0x15d ./Generated_Code/BitIoLdd9.o
 .debug_abbrev  0x000018d0       0x45 ./Generated_Code/Cpu.o
 .debug_abbrev  0x00001915      0x18f ./Generated_Code/Inhr1.o
 .debug_abbrev  0x00001aa4      0x10d ./Generated_Code/PE_LDD.o
 .debug_abbrev  0x00001bb1      0x122 ./Generated_Code/PwmLdd1.o
 .debug_abbrev  0x00001cd3      0x150 ./Generated_Code/RealTimeLdd1.o
 .debug_abbrev  0x00001e23      0x198 ./Generated_Code/TU1.o
 .debug_abbrev  0x00001fbb      0x16a ./Generated_Code/TU2.o
 .debug_abbrev  0x00002125      0x139 ./Generated_Code/Term1.o

.debug_aranges  0x00000000      0x9a8
 .debug_aranges
                0x00000000       0x40 ./Static_Code/System/CPU_Init.o
 .debug_aranges
                0x00000040      0x340 ./Static_Code/System/Vectors.o
 .debug_aranges
                0x00000380       0x28 ./Sources/Events.o
 .debug_aranges
                0x000003a8       0x28 ./Sources/main.o
 .debug_aranges
                0x000003d0       0x50 ./Project_Settings/Startup_Code/startup.o
 .debug_aranges
                0x00000420       0x50 ./Generated_Code/ASerialLdd1.o
 .debug_aranges
                0x00000470       0x40 ./Generated_Code/BitIoLdd1.o
 .debug_aranges
                0x000004b0       0x40 ./Generated_Code/BitIoLdd10.o
 .debug_aranges
                0x000004f0       0x40 ./Generated_Code/BitIoLdd11.o
 .debug_aranges
                0x00000530       0x40 ./Generated_Code/BitIoLdd12.o
 .debug_aranges
                0x00000570       0x40 ./Generated_Code/BitIoLdd2.o
 .debug_aranges
                0x000005b0       0x48 ./Generated_Code/BitIoLdd3.o
 .debug_aranges
                0x000005f8       0x48 ./Generated_Code/BitIoLdd4.o
 .debug_aranges
                0x00000640       0x48 ./Generated_Code/BitIoLdd5.o
 .debug_aranges
                0x00000688       0x40 ./Generated_Code/BitIoLdd6.o
 .debug_aranges
                0x000006c8       0x40 ./Generated_Code/BitIoLdd7.o
 .debug_aranges
                0x00000708       0x40 ./Generated_Code/BitIoLdd8.o
 .debug_aranges
                0x00000748       0x40 ./Generated_Code/BitIoLdd9.o
 .debug_aranges
                0x00000788       0x28 ./Generated_Code/Cpu.o
 .debug_aranges
                0x000007b0       0x60 ./Generated_Code/Inhr1.o
 .debug_aranges
                0x00000810       0x30 ./Generated_Code/PE_LDD.o
 .debug_aranges
                0x00000840       0x48 ./Generated_Code/PwmLdd1.o
 .debug_aranges
                0x00000888       0x40 ./Generated_Code/RealTimeLdd1.o
 .debug_aranges
                0x000008c8       0x48 ./Generated_Code/TU1.o
 .debug_aranges
                0x00000910       0x30 ./Generated_Code/TU2.o
 .debug_aranges
                0x00000940       0x68 ./Generated_Code/Term1.o

.debug_ranges   0x00000000      0x808
 .debug_ranges  0x00000000       0x30 ./Static_Code/System/CPU_Init.o
 .debug_ranges  0x00000030      0x330 ./Static_Code/System/Vectors.o
 .debug_ranges  0x00000360       0x18 ./Sources/Events.o
 .debug_ranges  0x00000378       0x18 ./Sources/main.o
 .debug_ranges  0x00000390       0x40 ./Project_Settings/Startup_Code/startup.o
 .debug_ranges  0x000003d0       0x40 ./Generated_Code/ASerialLdd1.o
 .debug_ranges  0x00000410       0x30 ./Generated_Code/BitIoLdd1.o
 .debug_ranges  0x00000440       0x30 ./Generated_Code/BitIoLdd10.o
 .debug_ranges  0x00000470       0x30 ./Generated_Code/BitIoLdd11.o
 .debug_ranges  0x000004a0       0x30 ./Generated_Code/BitIoLdd12.o
 .debug_ranges  0x000004d0       0x30 ./Generated_Code/BitIoLdd2.o
 .debug_ranges  0x00000500       0x38 ./Generated_Code/BitIoLdd3.o
 .debug_ranges  0x00000538       0x38 ./Generated_Code/BitIoLdd4.o
 .debug_ranges  0x00000570       0x38 ./Generated_Code/BitIoLdd5.o
 .debug_ranges  0x000005a8       0x30 ./Generated_Code/BitIoLdd6.o
 .debug_ranges  0x000005d8       0x30 ./Generated_Code/BitIoLdd7.o
 .debug_ranges  0x00000608       0x30 ./Generated_Code/BitIoLdd8.o
 .debug_ranges  0x00000638       0x30 ./Generated_Code/BitIoLdd9.o
 .debug_ranges  0x00000668       0x18 ./Generated_Code/Cpu.o
 .debug_ranges  0x00000680       0x50 ./Generated_Code/Inhr1.o
 .debug_ranges  0x000006d0       0x20 ./Generated_Code/PE_LDD.o
 .debug_ranges  0x000006f0       0x38 ./Generated_Code/PwmLdd1.o
 .debug_ranges  0x00000728       0x30 ./Generated_Code/RealTimeLdd1.o
 .debug_ranges  0x00000758       0x38 ./Generated_Code/TU1.o
 .debug_ranges  0x00000790       0x20 ./Generated_Code/TU2.o
 .debug_ranges  0x000007b0       0x58 ./Generated_Code/Term1.o

.debug_macro    0x00000000    0x26bc6
 .debug_macro   0x00000000      0x375 ./Static_Code/System/CPU_Init.o
 .debug_macro   0x00000375      0x850 ./Static_Code/System/CPU_Init.o
 .debug_macro   0x00000bc5       0x16 ./Static_Code/System/CPU_Init.o
 .debug_macro   0x00000bdb       0x44 ./Static_Code/System/CPU_Init.o
 .debug_macro   0x00000c1f      0x209 ./Static_Code/System/CPU_Init.o
 .debug_macro   0x00000e28     0x17e5 ./Static_Code/System/CPU_Init.o
 .debug_macro   0x0000260d     0xbca7 ./Static_Code/System/CPU_Init.o
 .debug_macro   0x0000e2b4      0x4c6 ./Static_Code/System/CPU_Init.o
 .debug_macro   0x0000e77a      0x14e ./Static_Code/System/CPU_Init.o
 .debug_macro   0x0000e8c8       0x6a ./Static_Code/System/CPU_Init.o
 .debug_macro   0x0000e932       0x58 ./Static_Code/System/CPU_Init.o
 .debug_macro   0x0000e98a       0x35 ./Static_Code/System/CPU_Init.o
 .debug_macro   0x0000e9bf       0xa3 ./Static_Code/System/CPU_Init.o
 .debug_macro   0x0000ea62       0x16 ./Static_Code/System/CPU_Init.o
 .debug_macro   0x0000ea78       0x94 ./Static_Code/System/CPU_Init.o
 .debug_macro   0x0000eb0c      0x12c ./Static_Code/System/CPU_Init.o
 .debug_macro   0x0000ec38       0x40 ./Static_Code/System/CPU_Init.o
 .debug_macro   0x0000ec78       0x1f ./Static_Code/System/CPU_Init.o
 .debug_macro   0x0000ec97       0x46 ./Static_Code/System/CPU_Init.o
 .debug_macro   0x0000ecdd       0x1f ./Static_Code/System/CPU_Init.o
 .debug_macro   0x0000ecfc       0x46 ./Static_Code/System/CPU_Init.o
 .debug_macro   0x0000ed42       0x1f ./Static_Code/System/CPU_Init.o
 .debug_macro   0x0000ed61       0x46 ./Static_Code/System/CPU_Init.o
 .debug_macro   0x0000eda7       0x1f ./Static_Code/System/CPU_Init.o
 .debug_macro   0x0000edc6       0x46 ./Static_Code/System/CPU_Init.o
 .debug_macro   0x0000ee0c       0x1f ./Static_Code/System/CPU_Init.o
 .debug_macro   0x0000ee2b       0x46 ./Static_Code/System/CPU_Init.o
 .debug_macro   0x0000ee71       0x1f ./Static_Code/System/CPU_Init.o
 .debug_macro   0x0000ee90      0x6a6 ./Static_Code/System/CPU_Init.o
 .debug_macro   0x0000f536       0x74 ./Static_Code/System/CPU_Init.o
 .debug_macro   0x0000f5aa       0x3e ./Static_Code/System/CPU_Init.o
 .debug_macro   0x0000f5e8       0x2c ./Static_Code/System/CPU_Init.o
 .debug_macro   0x0000f614       0x65 ./Static_Code/System/CPU_Init.o
 .debug_macro   0x0000f679       0x1f ./Static_Code/System/CPU_Init.o
 .debug_macro   0x0000f698       0x4c ./Static_Code/System/CPU_Init.o
 .debug_macro   0x0000f6e4       0x26 ./Static_Code/System/CPU_Init.o
 .debug_macro   0x0000f70a       0x4c ./Static_Code/System/CPU_Init.o
 .debug_macro   0x0000f756       0x26 ./Static_Code/System/CPU_Init.o
 .debug_macro   0x0000f77c       0x4c ./Static_Code/System/CPU_Init.o
 .debug_macro   0x0000f7c8       0x26 ./Static_Code/System/CPU_Init.o
 .debug_macro   0x0000f7ee       0x46 ./Static_Code/System/CPU_Init.o
 .debug_macro   0x0000f834       0x1f ./Static_Code/System/CPU_Init.o
 .debug_macro   0x0000f853       0x46 ./Static_Code/System/CPU_Init.o
 .debug_macro   0x0000f899       0x1f ./Static_Code/System/CPU_Init.o
 .debug_macro   0x0000f8b8       0x46 ./Static_Code/System/CPU_Init.o
 .debug_macro   0x0000f8fe       0x1f ./Static_Code/System/CPU_Init.o
 .debug_macro   0x0000f91d       0x58 ./Static_Code/System/CPU_Init.o
 .debug_macro   0x0000f975       0x28 ./Static_Code/System/CPU_Init.o
 .debug_macro   0x0000f99d       0x18 ./Static_Code/System/CPU_Init.o
 .debug_macro   0x0000f9b5      0x2b3 ./Static_Code/System/CPU_Init.o
 .debug_macro   0x0000fc68      0x363 ./Static_Code/System/Vectors.o
 .debug_macro   0x0000ffcb      0x453 ./Sources/Events.o
 .debug_macro   0x0001041e       0x52 ./Sources/Events.o
 .debug_macro   0x00010470       0x7a ./Sources/Events.o
 .debug_macro   0x000104ea      0x61c ./Sources/Events.o
 .debug_macro   0x00010b06      0x328 ./Sources/Events.o
 .debug_macro   0x00010e2e      0x109 ./Sources/Events.o
 .debug_macro   0x00010f37      0x17f ./Sources/Events.o
 .debug_macro   0x000110b6      0x202 ./Sources/Events.o
 .debug_macro   0x000112b8      0x91e ./Sources/Events.o
 .debug_macro   0x00011bd6       0x9e ./Sources/Events.o
 .debug_macro   0x00011c74      0x1f9 ./Sources/Events.o
 .debug_macro   0x00011e6d      0x39c ./Sources/Events.o
 .debug_macro   0x00012209      0x29c ./Sources/Events.o
 .debug_macro   0x000124a5      0x264 ./Sources/Events.o
 .debug_macro   0x00012709      0x25b ./Sources/Events.o
 .debug_macro   0x00012964      0x399 ./Sources/Events.o
 .debug_macro   0x00012cfd      0x4f1 ./Sources/Events.o
 .debug_macro   0x000131ee      0x13f ./Sources/Events.o
 .debug_macro   0x0001332d       0x6c ./Sources/Events.o
 .debug_macro   0x00013399      0x30d ./Sources/Events.o
 .debug_macro   0x000136a6       0xbb ./Sources/Events.o
 .debug_macro   0x00013761       0xe9 ./Sources/Events.o
 .debug_macro   0x0001384a      0x4ea ./Sources/Events.o
 .debug_macro   0x00013d34      0x18f ./Sources/Events.o
 .debug_macro   0x00013ec3       0xea ./Sources/Events.o
 .debug_macro   0x00013fad      0x344 ./Sources/Events.o
 .debug_macro   0x000142f1      0x824 ./Sources/Events.o
 .debug_macro   0x00014b15      0x179 ./Sources/Events.o
 .debug_macro   0x00014c8e      0x9e2 ./Sources/Events.o
 .debug_macro   0x00015670      0x129 ./Sources/Events.o
 .debug_macro   0x00015799      0x648 ./Sources/Events.o
 .debug_macro   0x00015de1       0x81 ./Sources/Events.o
 .debug_macro   0x00015e62      0x7bf ./Sources/Events.o
 .debug_macro   0x00016621      0x66f ./Sources/Events.o
 .debug_macro   0x00016c90       0x7b ./Sources/Events.o
 .debug_macro   0x00016d0b      0x182 ./Sources/Events.o
 .debug_macro   0x00016e8d       0x22 ./Sources/Events.o
 .debug_macro   0x00016eaf      0x51a ./Sources/main.o
 .debug_macro   0x000173c9       0x1c ./Sources/main.o
 .debug_macro   0x000173e5       0x97 ./Sources/main.o
 .debug_macro   0x0001747c       0x10 ./Sources/main.o
 .debug_macro   0x0001748c       0xef ./Sources/main.o
 .debug_macro   0x0001757b       0x52 ./Sources/main.o
 .debug_macro   0x000175cd       0x16 ./Sources/main.o
 .debug_macro   0x000175e3       0x43 ./Sources/main.o
 .debug_macro   0x00017626      0x180 ./Sources/main.o
 .debug_macro   0x000177a6       0x10 ./Sources/main.o
 .debug_macro   0x000177b6       0x22 ./Sources/main.o
 .debug_macro   0x000177d8       0xbd ./Sources/main.o
 .debug_macro   0x00017895       0x16 ./Sources/main.o
 .debug_macro   0x000178ab      0x14a ./Sources/main.o
 .debug_macro   0x000179f5      0x2a6 ./Sources/main.o
 .debug_macro   0x00017c9b       0x10 ./Sources/main.o
 .debug_macro   0x00017cab       0x35 ./Sources/main.o
 .debug_macro   0x00017ce0      0x121 ./Project_Settings/Startup_Code/startup.o
 .debug_macro   0x00017e01      0x166 ./Project_Settings/Startup_Code/startup.o
 .debug_macro   0x00017f67       0x4a ./Project_Settings/Startup_Code/startup.o
 .debug_macro   0x00017fb1       0x16 ./Project_Settings/Startup_Code/startup.o
 .debug_macro   0x00017fc7       0x22 ./Project_Settings/Startup_Code/startup.o
 .debug_macro   0x00017fe9       0x10 ./Project_Settings/Startup_Code/startup.o
 .debug_macro   0x00017ff9      0x20f ./Project_Settings/Startup_Code/startup.o
 .debug_macro   0x00018208     0xbc9b ./Project_Settings/Startup_Code/startup.o
 .debug_macro   0x00023ea3      0x113 ./Generated_Code/ASerialLdd1.o
 .debug_macro   0x00023fb6       0x5f ./Generated_Code/ASerialLdd1.o
 .debug_macro   0x00024015       0x25 ./Generated_Code/ASerialLdd1.o
 .debug_macro   0x0002403a      0x7b9 ./Generated_Code/ASerialLdd1.o
 .debug_macro   0x000247f3       0xfa ./Generated_Code/BitIoLdd1.o
 .debug_macro   0x000248ed       0x40 ./Generated_Code/BitIoLdd1.o
 .debug_macro   0x0002492d       0xfa ./Generated_Code/BitIoLdd10.o
 .debug_macro   0x00024a27       0x40 ./Generated_Code/BitIoLdd10.o
 .debug_macro   0x00024a67       0xfa ./Generated_Code/BitIoLdd11.o
 .debug_macro   0x00024b61       0x40 ./Generated_Code/BitIoLdd11.o
 .debug_macro   0x00024ba1       0xfa ./Generated_Code/BitIoLdd12.o
 .debug_macro   0x00024c9b       0x40 ./Generated_Code/BitIoLdd12.o
 .debug_macro   0x00024cdb       0xfa ./Generated_Code/BitIoLdd2.o
 .debug_macro   0x00024dd5       0xfa ./Generated_Code/BitIoLdd3.o
 .debug_macro   0x00024ecf       0x46 ./Generated_Code/BitIoLdd3.o
 .debug_macro   0x00024f15       0xfa ./Generated_Code/BitIoLdd4.o
 .debug_macro   0x0002500f       0x46 ./Generated_Code/BitIoLdd4.o
 .debug_macro   0x00025055       0xfa ./Generated_Code/BitIoLdd5.o
 .debug_macro   0x0002514f       0x46 ./Generated_Code/BitIoLdd5.o
 .debug_macro   0x00025195       0xfa ./Generated_Code/BitIoLdd6.o
 .debug_macro   0x0002528f       0x40 ./Generated_Code/BitIoLdd6.o
 .debug_macro   0x000252cf       0xfa ./Generated_Code/BitIoLdd7.o
 .debug_macro   0x000253c9       0x40 ./Generated_Code/BitIoLdd7.o
 .debug_macro   0x00025409       0xfa ./Generated_Code/BitIoLdd8.o
 .debug_macro   0x00025503       0x40 ./Generated_Code/BitIoLdd8.o
 .debug_macro   0x00025543       0xfa ./Generated_Code/BitIoLdd9.o
 .debug_macro   0x0002563d       0x40 ./Generated_Code/BitIoLdd9.o
 .debug_macro   0x0002567d      0x328 ./Generated_Code/Cpu.o
 .debug_macro   0x000259a5      0x396 ./Generated_Code/Inhr1.o
 .debug_macro   0x00025d3b      0x2bb ./Generated_Code/PE_LDD.o
 .debug_macro   0x00025ff6      0x10f ./Generated_Code/PwmLdd1.o
 .debug_macro   0x00026105      0x6a0 ./Generated_Code/PwmLdd1.o
 .debug_macro   0x000267a5      0x109 ./Generated_Code/RealTimeLdd1.o
 .debug_macro   0x000268ae      0x108 ./Generated_Code/TU1.o
 .debug_macro   0x000269b6      0x10f ./Generated_Code/TU2.o
 .debug_macro   0x00026ac5      0x101 ./Generated_Code/Term1.o

.debug_line     0x00000000     0x89d9
 .debug_line    0x00000000      0x77b ./Static_Code/System/CPU_Init.o
 .debug_line    0x0000077b      0xd1a ./Static_Code/System/Vectors.o
 .debug_line    0x00001495      0x797 ./Sources/Events.o
 .debug_line    0x00001c2c      0x8d9 ./Sources/main.o
 .debug_line    0x00002505      0x416 ./Project_Settings/Startup_Code/startup.o
 .debug_line    0x0000291b      0x4ef ./Generated_Code/ASerialLdd1.o
 .debug_line    0x00002e0a      0x422 ./Generated_Code/BitIoLdd1.o
 .debug_line    0x0000322c      0x424 ./Generated_Code/BitIoLdd10.o
 .debug_line    0x00003650      0x424 ./Generated_Code/BitIoLdd11.o
 .debug_line    0x00003a74      0x424 ./Generated_Code/BitIoLdd12.o
 .debug_line    0x00003e98      0x422 ./Generated_Code/BitIoLdd2.o
 .debug_line    0x000042ba      0x438 ./Generated_Code/BitIoLdd3.o
 .debug_line    0x000046f2      0x438 ./Generated_Code/BitIoLdd4.o
 .debug_line    0x00004b2a      0x438 ./Generated_Code/BitIoLdd5.o
 .debug_line    0x00004f62      0x422 ./Generated_Code/BitIoLdd6.o
 .debug_line    0x00005384      0x422 ./Generated_Code/BitIoLdd7.o
 .debug_line    0x000057a6      0x422 ./Generated_Code/BitIoLdd8.o
 .debug_line    0x00005bc8      0x422 ./Generated_Code/BitIoLdd9.o
 .debug_line    0x00005fea      0x666 ./Generated_Code/Cpu.o
 .debug_line    0x00006650      0x78a ./Generated_Code/Inhr1.o
 .debug_line    0x00006dda      0x5e8 ./Generated_Code/PE_LDD.o
 .debug_line    0x000073c2      0x453 ./Generated_Code/PwmLdd1.o
 .debug_line    0x00007815      0x47a ./Generated_Code/RealTimeLdd1.o
 .debug_line    0x00007c8f      0x46f ./Generated_Code/TU1.o
 .debug_line    0x000080fe      0x41e ./Generated_Code/TU2.o
 .debug_line    0x0000851c      0x4bd ./Generated_Code/Term1.o

.debug_str      0x00000000    0xbfceb
 .debug_str     0x00000000    0x59e4d ./Static_Code/System/CPU_Init.o
                              0x59ffd (size before relaxing)
 .debug_str     0x00059e4d      0x980 ./Static_Code/System/Vectors.o
                              0x5a41e (size before relaxing)
 .debug_str     0x0005a7cd    0x6131d ./Sources/Events.o
                              0xb9fb9 (size before relaxing)
 .debug_str     0x000bbaea     0x2b14 ./Sources/main.o
                              0xbcb28 (size before relaxing)
 .debug_str     0x000be5fe      0x180 ./Project_Settings/Startup_Code/startup.o
                              0x45be9 (size before relaxing)
 .debug_str     0x000be77e      0x3c2 ./Generated_Code/ASerialLdd1.o
                              0x5b702 (size before relaxing)
 .debug_str     0x000beb40       0xe7 ./Generated_Code/BitIoLdd1.o
                              0x4d57e (size before relaxing)
 .debug_str     0x000bec27       0xa8 ./Generated_Code/BitIoLdd10.o
                              0x4d58c (size before relaxing)
 .debug_str     0x000beccf       0xa8 ./Generated_Code/BitIoLdd11.o
                              0x4d58c (size before relaxing)
 .debug_str     0x000bed77       0xa8 ./Generated_Code/BitIoLdd12.o
                              0x4d592 (size before relaxing)
 .debug_str     0x000bee1f       0xa0 ./Generated_Code/BitIoLdd2.o
                              0x4d578 (size before relaxing)
 .debug_str     0x000beebf       0xb1 ./Generated_Code/BitIoLdd3.o
                              0x4d5aa (size before relaxing)
 .debug_str     0x000bef70       0xb1 ./Generated_Code/BitIoLdd4.o
                              0x4d5ac (size before relaxing)
 .debug_str     0x000bf021       0xb1 ./Generated_Code/BitIoLdd5.o
                              0x4d5ac (size before relaxing)
 .debug_str     0x000bf0d2       0xa0 ./Generated_Code/BitIoLdd6.o
                              0x4d578 (size before relaxing)
 .debug_str     0x000bf172       0xa0 ./Generated_Code/BitIoLdd7.o
                              0x4d578 (size before relaxing)
 .debug_str     0x000bf212       0xa0 ./Generated_Code/BitIoLdd8.o
                              0x4d578 (size before relaxing)
 .debug_str     0x000bf2b2       0xa0 ./Generated_Code/BitIoLdd9.o
                              0x4d57e (size before relaxing)
 .debug_str     0x000bf352       0x28 ./Generated_Code/Cpu.o
                              0x58a75 (size before relaxing)
 .debug_str     0x000bf37a      0x263 ./Generated_Code/Inhr1.o
                              0x58d45 (size before relaxing)
 .debug_str     0x000bf5dd      0x166 ./Generated_Code/PE_LDD.o
                              0x58c0e (size before relaxing)
 .debug_str     0x000bf743       0xe1 ./Generated_Code/PwmLdd1.o
                              0x55b0f (size before relaxing)
 .debug_str     0x000bf824       0xe0 ./Generated_Code/RealTimeLdd1.o
                              0x55a7a (size before relaxing)
 .debug_str     0x000bf904      0x241 ./Generated_Code/TU1.o
                              0x55bf2 (size before relaxing)
 .debug_str     0x000bfb45       0xdc ./Generated_Code/TU2.o
                              0x55bfb (size before relaxing)
 .debug_str     0x000bfc21       0xca ./Generated_Code/Term1.o
                              0x4c761 (size before relaxing)

.comment        0x00000000       0x70
 .comment       0x00000000       0x70 ./Static_Code/System/CPU_Init.o
                                 0x71 (size before relaxing)
 .comment       0x00000000       0x71 ./Static_Code/System/Vectors.o
 .comment       0x00000000       0x71 ./Sources/Events.o
 .comment       0x00000000       0x71 ./Sources/main.o
 .comment       0x00000000       0x71 ./Project_Settings/Startup_Code/startup.o
 .comment       0x00000000       0x71 ./Generated_Code/ASerialLdd1.o
 .comment       0x00000000       0x71 ./Generated_Code/BitIoLdd1.o
 .comment       0x00000000       0x71 ./Generated_Code/BitIoLdd10.o
 .comment       0x00000000       0x71 ./Generated_Code/BitIoLdd11.o
 .comment       0x00000000       0x71 ./Generated_Code/BitIoLdd12.o
 .comment       0x00000000       0x71 ./Generated_Code/BitIoLdd2.o
 .comment       0x00000000       0x71 ./Generated_Code/BitIoLdd3.o
 .comment       0x00000000       0x71 ./Generated_Code/BitIoLdd4.o
 .comment       0x00000000       0x71 ./Generated_Code/BitIoLdd5.o
 .comment       0x00000000       0x71 ./Generated_Code/BitIoLdd6.o
 .comment       0x00000000       0x71 ./Generated_Code/BitIoLdd7.o
 .comment       0x00000000       0x71 ./Generated_Code/BitIoLdd8.o
 .comment       0x00000000       0x71 ./Generated_Code/BitIoLdd9.o
 .comment       0x00000000       0x71 ./Generated_Code/Cpu.o
 .comment       0x00000000       0x71 ./Generated_Code/Inhr1.o
 .comment       0x00000000       0x71 ./Generated_Code/PE_LDD.o
 .comment       0x00000000       0x71 ./Generated_Code/PwmLdd1.o
 .comment       0x00000000       0x71 ./Generated_Code/RealTimeLdd1.o
 .comment       0x00000000       0x71 ./Generated_Code/TU1.o
 .comment       0x00000000       0x71 ./Generated_Code/TU2.o
 .comment       0x00000000       0x71 ./Generated_Code/Term1.o

.debug_frame    0x00000000     0x23b8
 .debug_frame   0x00000000       0x9c ./Static_Code/System/CPU_Init.o
 .debug_frame   0x0000009c      0xcb0 ./Static_Code/System/Vectors.o
 .debug_frame   0x00000d4c       0x48 ./Sources/Events.o
 .debug_frame   0x00000d94       0x50 ./Sources/main.o
 .debug_frame   0x00000de4       0xc0 ./Project_Settings/Startup_Code/startup.o
 .debug_frame   0x00000ea4       0xec ./Generated_Code/ASerialLdd1.o
 .debug_frame   0x00000f90       0x9c ./Generated_Code/BitIoLdd1.o
 .debug_frame   0x0000102c       0x9c ./Generated_Code/BitIoLdd10.o
 .debug_frame   0x000010c8       0x9c ./Generated_Code/BitIoLdd11.o
 .debug_frame   0x00001164       0x9c ./Generated_Code/BitIoLdd12.o
 .debug_frame   0x00001200       0x9c ./Generated_Code/BitIoLdd2.o
 .debug_frame   0x0000129c       0xb8 ./Generated_Code/BitIoLdd3.o
 .debug_frame   0x00001354       0xb8 ./Generated_Code/BitIoLdd4.o
 .debug_frame   0x0000140c       0xb8 ./Generated_Code/BitIoLdd5.o
 .debug_frame   0x000014c4       0x9c ./Generated_Code/BitIoLdd6.o
 .debug_frame   0x00001560       0x9c ./Generated_Code/BitIoLdd7.o
 .debug_frame   0x000015fc       0x9c ./Generated_Code/BitIoLdd8.o
 .debug_frame   0x00001698       0x9c ./Generated_Code/BitIoLdd9.o
 .debug_frame   0x00001734       0x50 ./Generated_Code/Cpu.o
 .debug_frame   0x00001784      0x118 ./Generated_Code/Inhr1.o
 .debug_frame   0x0000189c       0x64 ./Generated_Code/PE_LDD.o
 .debug_frame   0x00001900       0xd0 ./Generated_Code/PwmLdd1.o
 .debug_frame   0x000019d0       0xa4 ./Generated_Code/RealTimeLdd1.o
 .debug_frame   0x00001a74       0xb8 ./Generated_Code/TU1.o
 .debug_frame   0x00001b2c       0x6c ./Generated_Code/TU2.o
 .debug_frame   0x00001b98      0x13c ./Generated_Code/Term1.o
 .debug_frame   0x00001cd4       0x28 c:/freescale/kds_v3/toolchain/bin/../lib/gcc/arm-none-eabi/4.8.4/../../../../arm-none-eabi/lib/armv7e-m/fpu\libg_s.a(lib_a-exit.o)
 .debug_frame   0x00001cfc       0x2c c:/freescale/kds_v3/toolchain/bin/../lib/gcc/arm-none-eabi/4.8.4/../../../../arm-none-eabi/lib/armv7e-m/fpu\libg_s.a(lib_a-init.o)
 .debug_frame   0x00001d28       0x20 c:/freescale/kds_v3/toolchain/bin/../lib/gcc/arm-none-eabi/4.8.4/../../../../arm-none-eabi/lib/armv7e-m/fpu\libg_s.a(lib_a-memset.o)
 .debug_frame   0x00001d48       0x60 c:/freescale/kds_v3/toolchain/bin/../lib/gcc/arm-none-eabi/4.8.4/../../../../arm-none-eabi/lib/armv7e-m/fpu\libg_s.a(lib_a-sscanf.o)
 .debug_frame   0x00001da8       0x80 c:/freescale/kds_v3/toolchain/bin/../lib/gcc/arm-none-eabi/4.8.4/../../../../arm-none-eabi/lib/armv7e-m/fpu\libg_s.a(lib_a-stdio.o)
 .debug_frame   0x00001e28       0x20 c:/freescale/kds_v3/toolchain/bin/../lib/gcc/arm-none-eabi/4.8.4/../../../../arm-none-eabi/lib/armv7e-m/fpu\libg_s.a(lib_a-strlen.o)
 .debug_frame   0x00001e48       0x30 c:/freescale/kds_v3/toolchain/bin/../lib/gcc/arm-none-eabi/4.8.4/../../../../arm-none-eabi/lib/armv7e-m/fpu\libg_s.a(lib_a-strtok.o)
 .debug_frame   0x00001e78       0x40 c:/freescale/kds_v3/toolchain/bin/../lib/gcc/arm-none-eabi/4.8.4/../../../../arm-none-eabi/lib/armv7e-m/fpu\libg_s.a(lib_a-strtok_r.o)
 .debug_frame   0x00001eb8       0x6c c:/freescale/kds_v3/toolchain/bin/../lib/gcc/arm-none-eabi/4.8.4/../../../../arm-none-eabi/lib/armv7e-m/fpu\libg_s.a(lib_a-svfscanf.o)
 .debug_frame   0x00001f24       0x5c c:/freescale/kds_v3/toolchain/bin/../lib/gcc/arm-none-eabi/4.8.4/../../../../arm-none-eabi/lib/armv7e-m/fpu\libg_s.a(lib_a-ungetc.o)
 .debug_frame   0x00001f80       0x58 c:/freescale/kds_v3/toolchain/bin/../lib/gcc/arm-none-eabi/4.8.4/../../../../arm-none-eabi/lib/armv7e-m/fpu\libg_s.a(lib_a-vfscanf_i.o)
 .debug_frame   0x00001fd8      0x12c c:/freescale/kds_v3/toolchain/bin/../lib/gcc/arm-none-eabi/4.8.4/../../../../arm-none-eabi/lib/armv7e-m/fpu\libg_s.a(lib_a-findfp.o)
 .debug_frame   0x00002104       0x30 c:/freescale/kds_v3/toolchain/bin/../lib/gcc/arm-none-eabi/4.8.4/../../../../arm-none-eabi/lib/armv7e-m/fpu\libg_s.a(lib_a-malloc.o)
 .debug_frame   0x00002134       0x28 c:/freescale/kds_v3/toolchain/bin/../lib/gcc/arm-none-eabi/4.8.4/../../../../arm-none-eabi/lib/armv7e-m/fpu\libg_s.a(lib_a-memchr-stub.o)
 .debug_frame   0x0000215c       0x28 c:/freescale/kds_v3/toolchain/bin/../lib/gcc/arm-none-eabi/4.8.4/../../../../arm-none-eabi/lib/armv7e-m/fpu\libg_s.a(lib_a-memcpy-stub.o)
 .debug_frame   0x00002184       0x2c c:/freescale/kds_v3/toolchain/bin/../lib/gcc/arm-none-eabi/4.8.4/../../../../arm-none-eabi/lib/armv7e-m/fpu\libg_s.a(lib_a-nano-freer.o)
 .debug_frame   0x000021b0       0x2c c:/freescale/kds_v3/toolchain/bin/../lib/gcc/arm-none-eabi/4.8.4/../../../../arm-none-eabi/lib/armv7e-m/fpu\libg_s.a(lib_a-nano-mallocr.o)
 .debug_frame   0x000021dc       0x30 c:/freescale/kds_v3/toolchain/bin/../lib/gcc/arm-none-eabi/4.8.4/../../../../arm-none-eabi/lib/armv7e-m/fpu\libg_s.a(lib_a-nano-reallocr.o)
 .debug_frame   0x0000220c       0x48 c:/freescale/kds_v3/toolchain/bin/../lib/gcc/arm-none-eabi/4.8.4/../../../../arm-none-eabi/lib/armv7e-m/fpu\libg_s.a(lib_a-reent.o)
 .debug_frame   0x00002254       0x2c c:/freescale/kds_v3/toolchain/bin/../lib/gcc/arm-none-eabi/4.8.4/../../../../arm-none-eabi/lib/armv7e-m/fpu\libg_s.a(lib_a-sbrkr.o)
 .debug_frame   0x00002280       0x30 c:/freescale/kds_v3/toolchain/bin/../lib/gcc/arm-none-eabi/4.8.4/../../../../arm-none-eabi/lib/armv7e-m/fpu\libg_s.a(lib_a-sccl.o)
 .debug_frame   0x000022b0       0x54 c:/freescale/kds_v3/toolchain/bin/../lib/gcc/arm-none-eabi/4.8.4/../../../../arm-none-eabi/lib/armv7e-m/fpu\libg_s.a(lib_a-strtol.o)
 .debug_frame   0x00002304       0x54 c:/freescale/kds_v3/toolchain/bin/../lib/gcc/arm-none-eabi/4.8.4/../../../../arm-none-eabi/lib/armv7e-m/fpu\libg_s.a(lib_a-strtoul.o)
 .debug_frame   0x00002358       0x20 c:/freescale/kds_v3/toolchain/bin/../lib/gcc/arm-none-eabi/4.8.4/../../../../arm-none-eabi/lib/armv7e-m/fpu\libg_s.a(lib_a-nano-msizer.o)
 .debug_frame   0x00002378       0x20 c:/freescale/kds_v3/toolchain/bin/../lib/gcc/arm-none-eabi/4.8.4/../../../../arm-none-eabi/lib/armv7e-m/fpu\libnosys.a(sbrk.o)
 .debug_frame   0x00002398       0x20 c:/freescale/kds_v3/toolchain/bin/../lib/gcc/arm-none-eabi/4.8.4/../../../../arm-none-eabi/lib/armv7e-m/fpu\libnosys.a(_exit.o)

.stabstr        0x00000000       0xdf
 .stabstr       0x00000000       0xdf c:/freescale/kds_v3/toolchain/bin/../lib/gcc/arm-none-eabi/4.8.4/../../../../arm-none-eabi/lib/armv7e-m/fpu\libnosys.a(close.o)
