Archive member included because of file (symbol)

c:/freescale/kds_v3/toolchain/bin/../lib/gcc/arm-none-eabi/4.8.4/../../../../arm-none-eabi/lib/armv7e-m/fpu\libg_s.a(lib_a-exit.o)
                              c:/freescale/kds_v3/toolchain/bin/../lib/gcc/arm-none-eabi/4.8.4/../../../../arm-none-eabi/lib/armv7e-m/fpu/crt0.o (exit)
c:/freescale/kds_v3/toolchain/bin/../lib/gcc/arm-none-eabi/4.8.4/../../../../arm-none-eabi/lib/armv7e-m/fpu\libg_s.a(lib_a-impure.o)
                              c:/freescale/kds_v3/toolchain/bin/../lib/gcc/arm-none-eabi/4.8.4/../../../../arm-none-eabi/lib/armv7e-m/fpu\libg_s.a(lib_a-exit.o) (_global_impure_ptr)
c:/freescale/kds_v3/toolchain/bin/../lib/gcc/arm-none-eabi/4.8.4/../../../../arm-none-eabi/lib/armv7e-m/fpu\libg_s.a(lib_a-init.o)
                              c:/freescale/kds_v3/toolchain/bin/../lib/gcc/arm-none-eabi/4.8.4/../../../../arm-none-eabi/lib/armv7e-m/fpu/crt0.o (__libc_init_array)
c:/freescale/kds_v3/toolchain/bin/../lib/gcc/arm-none-eabi/4.8.4/../../../../arm-none-eabi/lib/armv7e-m/fpu\libg_s.a(lib_a-memset.o)
                              c:/freescale/kds_v3/toolchain/bin/../lib/gcc/arm-none-eabi/4.8.4/../../../../arm-none-eabi/lib/armv7e-m/fpu/crt0.o (memset)
c:/freescale/kds_v3/toolchain/bin/../lib/gcc/arm-none-eabi/4.8.4/../../../../arm-none-eabi/lib/armv7e-m/fpu\libnosys.a(_exit.o)
                              c:/freescale/kds_v3/toolchain/bin/../lib/gcc/arm-none-eabi/4.8.4/../../../../arm-none-eabi/lib/armv7e-m/fpu\libg_s.a(lib_a-exit.o) (_exit)

Allocating common symbols
Common symbol       size              file

ASerialLdd1_DeviceDataPtr
                    0x4               ./Generated_Code/Inhr1.o
buffer              0x64              ./Sources/main.o
SR_reg              0x1               ./Static_Code/System/CPU_Init.o

Discarded input sections

 .text          0x00000000        0x0 c:/freescale/kds_v3/toolchain/bin/../lib/gcc/arm-none-eabi/4.8.4/armv7e-m/fpu/crti.o
 .data          0x00000000        0x0 c:/freescale/kds_v3/toolchain/bin/../lib/gcc/arm-none-eabi/4.8.4/armv7e-m/fpu/crti.o
 .bss           0x00000000        0x0 c:/freescale/kds_v3/toolchain/bin/../lib/gcc/arm-none-eabi/4.8.4/armv7e-m/fpu/crti.o
 .data          0x00000000        0x4 c:/freescale/kds_v3/toolchain/bin/../lib/gcc/arm-none-eabi/4.8.4/armv7e-m/fpu/crtbegin.o
 .data          0x00000000        0x0 c:/freescale/kds_v3/toolchain/bin/../lib/gcc/arm-none-eabi/4.8.4/../../../../arm-none-eabi/lib/armv7e-m/fpu/crt0.o
 .bss           0x00000000        0x0 c:/freescale/kds_v3/toolchain/bin/../lib/gcc/arm-none-eabi/4.8.4/../../../../arm-none-eabi/lib/armv7e-m/fpu/crt0.o
 .ARM.extab     0x00000000        0x0 c:/freescale/kds_v3/toolchain/bin/../lib/gcc/arm-none-eabi/4.8.4/../../../../arm-none-eabi/lib/armv7e-m/fpu/crt0.o
 .group         0x00000000        0x8 ./Static_Code/System/CPU_Init.o
 .group         0x00000000        0x8 ./Static_Code/System/CPU_Init.o
 .group         0x00000000        0x8 ./Static_Code/System/CPU_Init.o
 .group         0x00000000        0x8 ./Static_Code/System/CPU_Init.o
 .group         0x00000000        0x8 ./Static_Code/System/CPU_Init.o
 .group         0x00000000        0x8 ./Static_Code/System/CPU_Init.o
 .group         0x00000000        0x8 ./Static_Code/System/CPU_Init.o
 .group         0x00000000        0x8 ./Static_Code/System/CPU_Init.o
 .group         0x00000000        0x8 ./Static_Code/System/CPU_Init.o
 .group         0x00000000        0x8 ./Static_Code/System/CPU_Init.o
 .group         0x00000000        0x8 ./Static_Code/System/CPU_Init.o
 .group         0x00000000        0x8 ./Static_Code/System/CPU_Init.o
 .group         0x00000000        0x8 ./Static_Code/System/CPU_Init.o
 .group         0x00000000        0x8 ./Static_Code/System/CPU_Init.o
 .group         0x00000000        0x8 ./Static_Code/System/CPU_Init.o
 .group         0x00000000        0x8 ./Static_Code/System/CPU_Init.o
 .group         0x00000000        0x8 ./Static_Code/System/CPU_Init.o
 .group         0x00000000        0x8 ./Static_Code/System/CPU_Init.o
 .group         0x00000000        0x8 ./Static_Code/System/CPU_Init.o
 .group         0x00000000        0x8 ./Static_Code/System/CPU_Init.o
 .group         0x00000000        0x8 ./Static_Code/System/CPU_Init.o
 .group         0x00000000        0x8 ./Static_Code/System/CPU_Init.o
 .group         0x00000000        0x8 ./Static_Code/System/CPU_Init.o
 .group         0x00000000        0x8 ./Static_Code/System/CPU_Init.o
 .group         0x00000000        0x8 ./Static_Code/System/CPU_Init.o
 .group         0x00000000        0x8 ./Static_Code/System/CPU_Init.o
 .text          0x00000000        0x0 ./Static_Code/System/CPU_Init.o
 .data          0x00000000        0x0 ./Static_Code/System/CPU_Init.o
 .bss           0x00000000        0x0 ./Static_Code/System/CPU_Init.o
 .bss.ClockConfigurationID
                0x00000000        0x1 ./Static_Code/System/CPU_Init.o
 .group         0x00000000        0x8 ./Static_Code/System/Peripherals_Init.o
[...]
Memory Configuration

Name             Origin             Length             Attributes
m_interrupts     0x00000000         0x00000198         xr
m_text           0x00000410         0x0007fbf0         xr
m_data           0x1fff0000         0x00010000         rw
m_data_20000000  0x20000000         0x00010000         rw
m_cfmprotrom     0x00000400         0x00000010         xr
*default*        0x00000000         0xffffffff

Linker script and memory map

LOAD c:/freescale/kds_v3/toolchain/bin/../lib/gcc/arm-none-eabi/4.8.4/armv7e-m/fpu/crti.o
LOAD c:/freescale/kds_v3/toolchain/bin/../lib/gcc/arm-none-eabi/4.8.4/armv7e-m/fpu/crtbegin.o
LOAD c:/freescale/kds_v3/toolchain/bin/../lib/gcc/arm-none-eabi/4.8.4/../../../../arm-none-eabi/lib/armv7e-m/fpu/crt0.o
LOAD ./Static_Code/System/CPU_Init.o
LOAD ./Static_Code/System/Peripherals_Init.o
LOAD ./Static_Code/System/Vectors.o
LOAD ./Sources/Events.o
LOAD ./Sources/main.o
LOAD ./Project_Settings/Startup_Code/startup.o
LOAD ./Generated_Code/ASerialLdd1.o
LOAD ./Generated_Code/Cpu.o
LOAD ./Generated_Code/ExtIntLdd1.o
LOAD ./Generated_Code/GreenPWM.o
LOAD ./Generated_Code/Inhr1.o
LOAD ./Generated_Code/PE_LDD.o
LOAD ./Generated_Code/Pins1.o
LOAD ./Generated_Code/PwmLdd1.o
LOAD ./Generated_Code/PwmLdd2.o
LOAD ./Generated_Code/RedPWM.o
LOAD ./Generated_Code/TU1.o
LOAD ./Generated_Code/Terminal.o
LOAD ./Generated_Code/fault.o
LOAD c:/freescale/kds_v3/toolchain/bin/../lib/gcc/arm-none-eabi/4.8.4/../../../../arm-none-eabi/lib/armv7e-m/fpu\libstdc++_s.a
LOAD c:/freescale/kds_v3/toolchain/bin/../lib/gcc/arm-none-eabi/4.8.4/../../../../arm-none-eabi/lib/armv7e-m/fpu\libm.a
START GROUP
LOAD c:/freescale/kds_v3/toolchain/bin/../lib/gcc/arm-none-eabi/4.8.4/armv7e-m/fpu\libgcc.a
LOAD c:/freescale/kds_v3/toolchain/bin/../lib/gcc/arm-none-eabi/4.8.4/../../../../arm-none-eabi/lib/armv7e-m/fpu\libg_s.a
LOAD c:/freescale/kds_v3/toolchain/bin/../lib/gcc/arm-none-eabi/4.8.4/../../../../arm-none-eabi/lib/armv7e-m/fpu\libc_s.a
END GROUP
START GROUP
LOAD c:/freescale/kds_v3/toolchain/bin/../lib/gcc/arm-none-eabi/4.8.4/armv7e-m/fpu\libgcc.a
LOAD c:/freescale/kds_v3/toolchain/bin/../lib/gcc/arm-none-eabi/4.8.4/../../../../arm-none-eabi/lib/armv7e-m/fpu\libc_s.a
LOAD c:/freescale/kds_v3/toolchain/bin/../lib/gcc/arm-none-eabi/4.8.4/../../../../arm-none-eabi/lib/armv7e-m/fpu\libnosys.a
END GROUP
START GROUP
LOAD c:/freescale/kds_v3/toolchain/bin/../lib/gcc/arm-none-eabi/4.8.4/armv7e-m/fpu\libgcc.a
LOAD c:/freescale/kds_v3/toolchain/bin/../lib/gcc/arm-none-eabi/4.8.4/../../../../arm-none-eabi/lib/armv7e-m/fpu\libc_s.a
LOAD c:/freescale/kds_v3/toolchain/bin/../lib/gcc/arm-none-eabi/4.8.4/../../../../arm-none-eabi/lib/armv7e-m/fpu\libnosys.a
END GROUP
LOAD c:/freescale/kds_v3/toolchain/bin/../lib/gcc/arm-none-eabi/4.8.4/armv7e-m/fpu/crtend.o
LOAD c:/freescale/kds_v3/toolchain/bin/../lib/gcc/arm-none-eabi/4.8.4/armv7e-m/fpu/crtn.o
                0x20000000                _estack = 0x20000000
                0x20000000                __SP_INIT = _estack
                0x20000000                __stack = _estack
                0x00000000                __heap_size = 0x0
                0x00000400                __stack_size = 0x400

.interrupts     0x00000000      0x198
                0x00000000                __vector_table = .
                0x00000000                . = ALIGN (0x4)
 *(.vectortable)
 .vectortable   0x00000000      0x198 ./Static_Code/System/Vectors.o
                0x00000000                __vect_table
                0x00000198                . = ALIGN (0x4)

.cfmprotect     0x00000400       0x10
                0x00000400                . = ALIGN (0x4)
 *(.cfmconfig)
 .cfmconfig     0x00000400       0x10 ./Static_Code/System/CPU_Init.o
                0x00000400                _cfm
                0x00000410                . = ALIGN (0x4)

.text           0x00000410     0x1978
                0x00000410                . = ALIGN (0x4)
 *(.text)
 .text          0x00000410       0x54 c:/freescale/kds_v3/toolchain/bin/../lib/gcc/arm-none-eabi/4.8.4/armv7e-m/fpu/crtbegin.o
 .text          0x00000464       0x74 c:/freescale/kds_v3/toolchain/bin/../lib/gcc/arm-none-eabi/4.8.4/../../../../arm-none-eabi/lib/armv7e-m/fpu/crt0.o
                0x00000464                _start
                0x00000464                _mainCRTStartup
 *(.text*)
 .text.CPU_SetBASEPRI
                0x000004d8       0x18 ./Static_Code/System/CPU_Init.o
                0x000004d8                CPU_SetBASEPRI
 .text.__init_hardware
                0x000004f0       0xb4 ./Static_Code/System/CPU_Init.o
                0x000004f0                __init_hardware
 .text.PE_low_level_init
                0x000005a4       0x44 ./Static_Code/System/CPU_Init.o
                0x000005a4                PE_low_level_init
 .text.CPU_GetClockGenMode
                0x000005e8       0x90 ./Static_Code/System/CPU_Init.o
                0x000005e8                CPU_GetClockGenMode
 .text.CPU_SetClockConfigGenMode
                0x00000678      0x54c ./Static_Code/System/CPU_Init.o
                0x00000678                CPU_SetClockConfigGenMode
 .text.UnhandledInterrupt
                0x00000bc4       0x18 ./Static_Code/System/Vectors.o
                0x00000bc4                UnhandledInterrupt
 .text.Cpu_OnNMI
                0x00000bdc        0xc ./Sources/Events.o
                0x00000bdc                Cpu_OnNMI
 .text.fault_OnInterrupt
                0x00000be8       0x18 ./Sources/Events.o
                0x00000be8                fault_OnInterrupt
 .text.Inhr1_OnRxChar
                0x00000c00       0xb4 ./Sources/Events.o
                0x00000c00                Inhr1_OnRxChar
 .text.main     0x00000cb4       0x74 ./Sources/main.o
                0x00000cb4                main
 .text.__copy_rom_section
                0x00000d28       0xe4 ./Project_Settings/Startup_Code/startup.o
                0x00000d28                __copy_rom_section
 .text.__copy_rom_sections_to_ram
                0x00000e0c       0x9c ./Project_Settings/Startup_Code/startup.o
                0x00000e0c                __copy_rom_sections_to_ram
 .text.__init_registers
                0x00000ea8       0x20 ./Project_Settings/Startup_Code/startup.o
                0x00000ea8                __init_registers
 .text.__init_user
                0x00000ec8        0xc ./Project_Settings/Startup_Code/startup.o
                0x00000ec8                __init_user
 .text.__thumb_startup
                0x00000ed4       0x34 ./Project_Settings/Startup_Code/startup.o
                0x00000ed4                __thumb_startup
 .text.ASerialLdd1_Init
                0x00000f08      0x1d8 ./Generated_Code/ASerialLdd1.o
                0x00000f08                ASerialLdd1_Init
 .text.ASerialLdd1_ReceiveBlock
                0x000010e0       0x90 ./Generated_Code/ASerialLdd1.o
                0x000010e0                ASerialLdd1_ReceiveBlock
 .text.ASerialLdd1_SendBlock
                0x00001170       0xbc ./Generated_Code/ASerialLdd1.o
                0x00001170                ASerialLdd1_SendBlock
 .text.InterruptRx
                0x0000122c       0x58 ./Generated_Code/ASerialLdd1.o
 .text.InterruptTx
                0x00001284       0x80 ./Generated_Code/ASerialLdd1.o
 .text.ASerialLdd1_Interrupt
                0x00001304       0xf4 ./Generated_Code/ASerialLdd1.o
                0x00001304                ASerialLdd1_Interrupt
 .text.ASerialLdd1_GetError
                0x000013f8       0x70 ./Generated_Code/ASerialLdd1.o
                0x000013f8                ASerialLdd1_GetError
 .text.Components_Init
                0x00001468       0x1c ./Generated_Code/Cpu.o
                0x00001468                Components_Init
 .text.Cpu_INT_NMIInterrupt
                0x00001484       0x1c ./Generated_Code/Cpu.o
                0x00001484                Cpu_INT_NMIInterrupt
 .text.ExtIntLdd1_Init
                0x000014a0       0x98 ./Generated_Code/ExtIntLdd1.o
                0x000014a0                ExtIntLdd1_Init
 .text.ExtIntLdd1_Interrupt
                0x00001538       0x40 ./Generated_Code/ExtIntLdd1.o
                0x00001538                ExtIntLdd1_Interrupt
 .text.HWEnDi   0x00001578       0x1c ./Generated_Code/Inhr1.o
 .text.Inhr1_RecvChar
                0x00001594       0xd8 ./Generated_Code/Inhr1.o
                0x00001594                Inhr1_RecvChar
 .text.Inhr1_SendChar
                0x0000166c       0xe0 ./Generated_Code/Inhr1.o
                0x0000166c                Inhr1_SendChar
 .text.Inhr1_Init
                0x0000174c       0x60 ./Generated_Code/Inhr1.o
                0x0000174c                Inhr1_Init
 .text.ASerialLdd1_OnBlockReceived
                0x000017ac       0x90 ./Generated_Code/Inhr1.o
                0x000017ac                ASerialLdd1_OnBlockReceived
 .text.ASerialLdd1_OnBlockSent
                0x0000183c       0x88 ./Generated_Code/Inhr1.o
                0x0000183c                ASerialLdd1_OnBlockSent
 .text.ASerialLdd1_OnError
                0x000018c4       0x98 ./Generated_Code/Inhr1.o
                0x000018c4                ASerialLdd1_OnError
 .text.ASerialLdd1_OnBreak
                0x0000195c       0x24 ./Generated_Code/Inhr1.o
                0x0000195c                ASerialLdd1_OnBreak
 .text.PwmLdd1_Init
                0x00001980       0x54 ./Generated_Code/PwmLdd1.o
                0x00001980                PwmLdd1_Init
 .text.PwmLdd2_Init
                0x000019d4       0x54 ./Generated_Code/PwmLdd2.o
                0x000019d4                PwmLdd2_Init
 .text.TU1_Init
                0x00001a28      0x12c ./Generated_Code/TU1.o
                0x00001a28                TU1_Init
 .text.Terminal_SendChar
                0x00001b54       0x20 ./Generated_Code/Terminal.o
                0x00001b54                Terminal_SendChar
 .text.Terminal_SendStr
                0x00001b74       0x34 ./Generated_Code/Terminal.o
                0x00001b74                Terminal_SendStr
 .text.ExtIntLdd1_OnInterrupt
                0x00001ba8       0x14 ./Generated_Code/fault.o
                0x00001ba8                ExtIntLdd1_OnInterrupt
 .text.exit     0x00001bbc       0x28 c:/freescale/kds_v3/toolchain/bin/../lib/gcc/arm-none-eabi/4.8.4/../../../../arm-none-eabi/lib/armv7e-m/fpu\libg_s.a(lib_a-exit.o)
                0x00001bbc                exit
 .text.__libc_init_array
                0x00001be4       0x4c c:/freescale/kds_v3/toolchain/bin/../lib/gcc/arm-none-eabi/4.8.4/../../../../arm-none-eabi/lib/armv7e-m/fpu\libg_s.a(lib_a-init.o)
                0x00001be4                __libc_init_array
 .text.memset   0x00001c30       0x10 c:/freescale/kds_v3/toolchain/bin/../lib/gcc/arm-none-eabi/4.8.4/../../../../arm-none-eabi/lib/armv7e-m/fpu\libg_s.a(lib_a-memset.o)
                0x00001c30                memset
 .text._exit    0x00001c40        0x4 c:/freescale/kds_v3/toolchain/bin/../lib/gcc/arm-none-eabi/4.8.4/../../../../arm-none-eabi/lib/armv7e-m/fpu\libnosys.a(_exit.o)
                0x00001c40                _exit
 *(.rodata)
 .rodata        0x00001c44       0x28 ./Sources/main.o
 *(.rodata*)
 .rodata.ClockGenModeMatrix
                0x00001c6c       0x80 ./Static_Code/System/CPU_Init.o
 .rodata.CPU_ClockConfigDescriptors
                0x00001cec       0x1c ./Static_Code/System/CPU_Init.o
 .rodata.CPU_DefaultFEI
                0x00001d08        0x8 ./Static_Code/System/CPU_Init.o
 .rodata.CPU_DefaultFBI
                0x00001d10        0x8 ./Static_Code/System/CPU_Init.o
 .rodata.CPU_DefaultBLPI
                0x00001d18        0x8 ./Static_Code/System/CPU_Init.o
 .rodata.CPU_DefaultFEE
                0x00001d20        0x8 ./Static_Code/System/CPU_Init.o
 .rodata.CPU_DefaultFBE
                0x00001d28        0x8 ./Static_Code/System/CPU_Init.o
 .rodata.CPU_DefaultBLPE
                0x00001d30        0x8 ./Static_Code/System/CPU_Init.o
 .rodata.CPU_DefaultPBE
                0x00001d38        0x8 ./Static_Code/System/CPU_Init.o
 .rodata.CPU_DefaultPEE
                0x00001d40        0x8 ./Static_Code/System/CPU_Init.o
 .rodata.CPU_ClockGenModeRegs
                0x00001d48       0x20 ./Static_Code/System/CPU_Init.o
 .rodata.str1.1
                0x00001d68        0x2 c:/freescale/kds_v3/toolchain/bin/../lib/gcc/arm-none-eabi/4.8.4/../../../../arm-none-eabi/lib/armv7e-m/fpu\libg_s.a(lib_a-impure.o)
 *fill*         0x00001d6a        0x2 
 .rodata._global_impure_ptr
                0x00001d6c        0x4 c:/freescale/kds_v3/toolchain/bin/../lib/gcc/arm-none-eabi/4.8.4/../../../../arm-none-eabi/lib/armv7e-m/fpu\libg_s.a(lib_a-impure.o)
                0x00001d6c                _global_impure_ptr
 *(.glue_7)
 .glue_7        0x00000000        0x0 linker stubs
 *(.glue_7t)
 .glue_7t       0x00000000        0x0 linker stubs
 *(.eh_frame)
 .eh_frame      0x00001d70        0x0 c:/freescale/kds_v3/toolchain/bin/../lib/gcc/arm-none-eabi/4.8.4/armv7e-m/fpu/crtbegin.o
 *(.init)
 .init          0x00001d70        0x4 c:/freescale/kds_v3/toolchain/bin/../lib/gcc/arm-none-eabi/4.8.4/armv7e-m/fpu/crti.o
                0x00001d70                _init
 .init          0x00001d74        0x8 c:/freescale/kds_v3/toolchain/bin/../lib/gcc/arm-none-eabi/4.8.4/armv7e-m/fpu/crtn.o
 *(.fini)
 .fini          0x00001d7c        0x4 c:/freescale/kds_v3/toolchain/bin/../lib/gcc/arm-none-eabi/4.8.4/armv7e-m/fpu/crti.o
                0x00001d7c                _fini
 .fini          0x00001d80        0x8 c:/freescale/kds_v3/toolchain/bin/../lib/gcc/arm-none-eabi/4.8.4/armv7e-m/fpu/crtn.o
                0x00001d88                . = ALIGN (0x4)
                0x00001d88                _etext = .

.vfp11_veneer   0x00001d88        0x0
 .vfp11_veneer  0x00000000        0x0 linker stubs

.v4_bx          0x00001d88        0x0
 .v4_bx         0x00000000        0x0 linker stubs

.iplt           0x00001d88        0x0
 .iplt          0x00000000        0x0 c:/freescale/kds_v3/toolchain/bin/../lib/gcc/arm-none-eabi/4.8.4/armv7e-m/fpu/crtbegin.o

.ARM.extab
 *(.ARM.extab* .gnu.linkonce.armextab.*)

.ARM            0x00001d88        0x8
                0x00001d88                __exidx_start = .
 *(.ARM.exidx*)
 .ARM.exidx     0x00001d88        0x8 c:/freescale/kds_v3/toolchain/bin/../lib/gcc/arm-none-eabi/4.8.4/../../../../arm-none-eabi/lib/armv7e-m/fpu/crt0.o
                0x00001d90                __exidx_end = .

.rel.dyn        0x00001d90        0x0
 .rel.iplt      0x00000000        0x0 c:/freescale/kds_v3/toolchain/bin/../lib/gcc/arm-none-eabi/4.8.4/armv7e-m/fpu/crtbegin.o

.ctors          0x00001d90        0x0
                0x00001d90                __CTOR_LIST__ = .
 *crtbegin.o(.ctors)
 *(EXCLUDE_FILE(*crtend.o) .ctors)
 *(SORT(.ctors.*))
 *(.ctors)
                0x00001d90                __CTOR_END__ = .

.dtors          0x00001d90        0x0
                0x00001d90                __DTOR_LIST__ = .
 *crtbegin.o(.dtors)
 *(EXCLUDE_FILE(*crtend.o) .dtors)
 *(SORT(.dtors.*))
 *(.dtors)
                0x00001d90                __DTOR_END__ = .

.preinit_array  0x00001d90        0x0
                0x00001d90                PROVIDE (__preinit_array_start, .)
 *(.preinit_array*)
                0x00001d90                PROVIDE (__preinit_array_end, .)

.init_array     0x00001d90        0x4
                0x00001d90                PROVIDE (__init_array_start, .)
 *(SORT(.init_array.*))
 *(.init_array*)
 .init_array    0x00001d90        0x4 c:/freescale/kds_v3/toolchain/bin/../lib/gcc/arm-none-eabi/4.8.4/armv7e-m/fpu/crtbegin.o
                0x00001d94                PROVIDE (__init_array_end, .)

.fini_array     0x00001d94        0x4
                0x00001d94                PROVIDE (__fini_array_start, .)
 *(SORT(.fini_array.*))
 *(.fini_array*)
 .fini_array    0x00001d94        0x4 c:/freescale/kds_v3/toolchain/bin/../lib/gcc/arm-none-eabi/4.8.4/armv7e-m/fpu/crtbegin.o
                0x00001d98                PROVIDE (__fini_array_end, .)
                0x00001d98                ___ROM_AT = .

.data           0x1fff0000       0x60 load address 0x00001d98
                0x1fff0000                . = ALIGN (0x4)
                0x1fff0000                _sdata = .
 *(.data)
 *(.data*)
 .data.impure_data
                0x1fff0000       0x60 c:/freescale/kds_v3/toolchain/bin/../lib/gcc/arm-none-eabi/4.8.4/../../../../arm-none-eabi/lib/armv7e-m/fpu\libg_s.a(lib_a-impure.o)
                0x1fff0060                . = ALIGN (0x4)
                0x1fff0060                _edata = .
                0x00000060                ___data_size = (_edata - _sdata)
                0x00001df8                ___m_data_20000000_ROMStart = (___ROM_AT + SIZEOF (.data))

.jcr            0x1fff0060        0x0 load address 0x00001df8
 .jcr           0x1fff0060        0x0 c:/freescale/kds_v3/toolchain/bin/../lib/gcc/arm-none-eabi/4.8.4/armv7e-m/fpu/crtbegin.o

.igot.plt       0x1fff0060        0x0 load address 0x00001df8
 .igot.plt      0x00000000        0x0 c:/freescale/kds_v3/toolchain/bin/../lib/gcc/arm-none-eabi/4.8.4/armv7e-m/fpu/crtbegin.o

.m_data_20000000
                0x20000000        0x0 load address 0x00001df8
                0x20000000                . = ALIGN (0x4)
                0x20000000                ___m_data_20000000_RAMStart = .
 *(.m_data_20000000)
                0x20000000                ___m_data_20000000_RAMEnd = .
                0x20000000                . = ALIGN (0x4)
                0x00000000                ___m_data_20000000_ROMSize = (___m_data_20000000_RAMEnd - ___m_data_20000000_RAMStart)
                0x20000000                . = ALIGN (0x4)

.bss            0x1fff0060      0x998 load address 0x00001df8
                0x1fff0060                __START_BSS = .
                0x1fff0060                PROVIDE (__bss_start__, __START_BSS)
 *(.bss)
 .bss           0x1fff0060       0x1c c:/freescale/kds_v3/toolchain/bin/../lib/gcc/arm-none-eabi/4.8.4/armv7e-m/fpu/crtbegin.o
 *(.bss*)
 .bss.SR_lock   0x1fff007c        0x1 ./Static_Code/System/CPU_Init.o
                0x1fff007c                SR_lock
 .bss.faultFlag
                0x1fff007d        0x1 ./Sources/main.o
                0x1fff007d                faultFlag
 .bss.index     0x1fff007e        0x1 ./Sources/main.o
                0x1fff007e                index
 .bss.complete_command
                0x1fff007f        0x1 ./Sources/main.o
                0x1fff007f                complete_command
 .bss.DeviceDataPrv__DEFAULT_RTOS_ALLOC
                0x1fff0080       0x20 ./Generated_Code/ASerialLdd1.o
 .bss.INT_UART1_RX_TX__DEFAULT_RTOS_ISRPARAM
                0x1fff00a0        0x4 ./Generated_Code/ASerialLdd1.o
 .bss.INT_UART1_ERR__DEFAULT_RTOS_ISRPARAM
                0x1fff00a4        0x4 ./Generated_Code/ASerialLdd1.o
 .bss.DeviceDataPrv__DEFAULT_RTOS_ALLOC
                0x1fff00a8        0x4 ./Generated_Code/ExtIntLdd1.o
 .bss.INT_PORTC__DEFAULT_RTOS_ISRPARAM
                0x1fff00ac        0x4 ./Generated_Code/ExtIntLdd1.o
 .bss.SerFlag   0x1fff00b0        0x2 ./Generated_Code/Inhr1.o
 .bss.Inhr1_InpLen
                0x1fff00b2        0x2 ./Generated_Code/Inhr1.o
 .bss.InpIndexR
                0x1fff00b4        0x2 ./Generated_Code/Inhr1.o
 .bss.InpIndexW
                0x1fff00b6        0x2 ./Generated_Code/Inhr1.o
 .bss.InpBuffer
                0x1fff00b8       0xc8 ./Generated_Code/Inhr1.o
 .bss.BufferRead
                0x1fff0180        0x1 ./Generated_Code/Inhr1.o
 *fill*         0x1fff0181        0x1 
 .bss.Inhr1_OutLen
                0x1fff0182        0x2 ./Generated_Code/Inhr1.o
 .bss.OutIndexR
                0x1fff0184        0x2 ./Generated_Code/Inhr1.o
 .bss.OutIndexW
                0x1fff0186        0x2 ./Generated_Code/Inhr1.o
 .bss.OutBuffer
                0x1fff0188      0x7d0 ./Generated_Code/Inhr1.o
 .bss.PE_LDD_DeviceDataList
                0x1fff0958       0x14 ./Generated_Code/PE_LDD.o
                0x1fff0958                PE_LDD_DeviceDataList
 .bss.DeviceDataPrv__DEFAULT_RTOS_ALLOC
                0x1fff096c        0xc ./Generated_Code/PwmLdd1.o
 .bss.DeviceDataPrv__DEFAULT_RTOS_ALLOC
                0x1fff0978        0xc ./Generated_Code/PwmLdd2.o
 .bss.DeviceDataPrv__DEFAULT_RTOS_ALLOC
                0x1fff0984        0x8 ./Generated_Code/TU1.o
 *(COMMON)
 COMMON         0x1fff098c        0x1 ./Static_Code/System/CPU_Init.o
                0x1fff098c                SR_reg
 *fill*         0x1fff098d        0x3 
 COMMON         0x1fff0990       0x64 ./Sources/main.o
                0x1fff0990                buffer
 COMMON         0x1fff09f4        0x4 ./Generated_Code/Inhr1.o
                0x1fff09f4                ASerialLdd1_DeviceDataPtr
                0x1fff09f8                . = ALIGN (0x4)
                0x1fff09f8                __END_BSS = .
                0x1fff09f8                PROVIDE (__bss_end__, __END_BSS)
                0x00001df8                _romp_at = ((___ROM_AT + SIZEOF (.data)) + SIZEOF (.m_data_20000000))

.romp           0x1fff09f8       0x24 load address 0x00001df8
                0x00001df8                __S_romp = _romp_at
                0x1fff09f8        0x4 LONG 0x1d98 ___ROM_AT
                0x1fff09fc        0x4 LONG 0x1fff0000 _sdata
                0x1fff0a00        0x4 LONG 0x60 ___data_size
                0x1fff0a04        0x4 LONG 0x1df8 ___m_data_20000000_ROMStart
                0x1fff0a08        0x4 LONG 0x20000000 ___m_data_20000000_RAMStart
                0x1fff0a0c        0x4 LONG 0x0 ___m_data_20000000_ROMSize
                0x1fff0a10        0x4 LONG 0x0
                0x1fff0a14        0x4 LONG 0x0
                0x1fff0a18        0x4 LONG 0x0
                0x00080000                text_end = (ORIGIN (m_text) + 0x7fbf0)
                0x00001e1c                data_init_end = ((___m_data_20000000_ROMStart + SIZEOF (.m_data_20000000)) + SIZEOF (.romp))
                0x00000001                ASSERT ((data_init_end <= text_end), region m_text overflowed with text and data)

._user_heap_stack
                0x1fff0a1c      0x400 load address 0x00001e1c
                0x1fff0a1c                . = ALIGN (0x4)
                0x1fff0a1c                PROVIDE (end, .)
                0x1fff0a1c                PROVIDE (_end, .)
                0x1fff0a1c                PROVIDE (__end__, .)
                0x1fff0a1c                __heap_addr = .
                0x1fff0a1c                __HeapBase = .
                0x1fff0a1c                . = (. + __heap_size)
                0x1fff0a1c                __HeapLimit = .
                0x1fff0e1c                . = (. + __stack_size)
 *fill*         0x1fff0a1c      0x400 
                0x1fff0e1c                . = ALIGN (0x4)

.ARM.attributes
                0x00000000       0x30
 *(.ARM.attributes)
 .ARM.attributes
                0x00000000       0x22 c:/freescale/kds_v3/toolchain/bin/../lib/gcc/arm-none-eabi/4.8.4/armv7e-m/fpu/crti.o
 .ARM.attributes
                0x00000022       0x34 c:/freescale/kds_v3/toolchain/bin/../lib/gcc/arm-none-eabi/4.8.4/armv7e-m/fpu/crtbegin.o
 .ARM.attributes
                0x00000056       0x20 c:/freescale/kds_v3/toolchain/bin/../lib/gcc/arm-none-eabi/4.8.4/../../../../arm-none-eabi/lib/armv7e-m/fpu/crt0.o
 .ARM.attributes
                0x00000076       0x39 ./Static_Code/System/CPU_Init.o
 .ARM.attributes
                0x000000af       0x39 ./Static_Code/System/Vectors.o
 .ARM.attributes
                0x000000e8       0x39 ./Sources/Events.o
 .ARM.attributes
                0x00000121       0x39 ./Sources/main.o
 .ARM.attributes
                0x0000015a       0x39 ./Project_Settings/Startup_Code/startup.o
 .ARM.attributes
                0x00000193       0x39 ./Generated_Code/ASerialLdd1.o
 .ARM.attributes
                0x000001cc       0x39 ./Generated_Code/Cpu.o
 .ARM.attributes
                0x00000205       0x39 ./Generated_Code/ExtIntLdd1.o
 .ARM.attributes
                0x0000023e       0x39 ./Generated_Code/Inhr1.o
 .ARM.attributes
                0x00000277       0x39 ./Generated_Code/PE_LDD.o
 .ARM.attributes
                0x000002b0       0x39 ./Generated_Code/PwmLdd1.o
 .ARM.attributes
                0x000002e9       0x39 ./Generated_Code/PwmLdd2.o
 .ARM.attributes
                0x00000322       0x39 ./Generated_Code/TU1.o
 .ARM.attributes
                0x0000035b       0x39 ./Generated_Code/Terminal.o
 .ARM.attributes
                0x00000394       0x39 ./Generated_Code/fault.o
 .ARM.attributes
                0x000003cd       0x34 c:/freescale/kds_v3/toolchain/bin/../lib/gcc/arm-none-eabi/4.8.4/../../../../arm-none-eabi/lib/armv7e-m/fpu\libg_s.a(lib_a-exit.o)
 .ARM.attributes
                0x00000401       0x34 c:/freescale/kds_v3/toolchain/bin/../lib/gcc/arm-none-eabi/4.8.4/../../../../arm-none-eabi/lib/armv7e-m/fpu\libg_s.a(lib_a-impure.o)
 .ARM.attributes
                0x00000435       0x34 c:/freescale/kds_v3/toolchain/bin/../lib/gcc/arm-none-eabi/4.8.4/../../../../arm-none-eabi/lib/armv7e-m/fpu\libg_s.a(lib_a-init.o)
 .ARM.attributes
                0x00000469       0x34 c:/freescale/kds_v3/toolchain/bin/../lib/gcc/arm-none-eabi/4.8.4/../../../../arm-none-eabi/lib/armv7e-m/fpu\libg_s.a(lib_a-memset.o)
 .ARM.attributes
                0x0000049d       0x34 c:/freescale/kds_v3/toolchain/bin/../lib/gcc/arm-none-eabi/4.8.4/../../../../arm-none-eabi/lib/armv7e-m/fpu\libnosys.a(_exit.o)
 .ARM.attributes
                0x000004d1       0x22 c:/freescale/kds_v3/toolchain/bin/../lib/gcc/arm-none-eabi/4.8.4/armv7e-m/fpu/crtn.o
OUTPUT(Kinetis.elf elf32-littlearm)

.debug_info     0x00000000     0x412b
 .debug_info    0x00000000      0xab8 ./Static_Code/System/CPU_Init.o
 .debug_info    0x00000ab8      0x826 ./Static_Code/System/Vectors.o
 .debug_info    0x000012de      0x126 ./Sources/Events.o
 .debug_info    0x00001404      0x16d ./Sources/main.o
 .debug_info    0x00001571      0x3b0 ./Project_Settings/Startup_Code/startup.o
 .debug_info    0x00001921      0xa74 ./Generated_Code/ASerialLdd1.o
 .debug_info    0x00002395       0xa7 ./Generated_Code/Cpu.o
 .debug_info    0x0000243c      0x5ee ./Generated_Code/ExtIntLdd1.o
 .debug_info    0x00002a2a      0x378 ./Generated_Code/Inhr1.o
 .debug_info    0x00002da2      0x251 ./Generated_Code/PE_LDD.o
 .debug_info    0x00002ff3      0x333 ./Generated_Code/PwmLdd1.o
 .debug_info    0x00003326      0x333 ./Generated_Code/PwmLdd2.o
 .debug_info    0x00003659      0x766 ./Generated_Code/TU1.o
 .debug_info    0x00003dbf      0x2ba ./Generated_Code/Terminal.o
 .debug_info    0x00004079       0xb2 ./Generated_Code/fault.o

.debug_abbrev   0x00000000     0x1139
 .debug_abbrev  0x00000000      0x1bf ./Static_Code/System/CPU_Init.o
 .debug_abbrev  0x000001bf       0xd8 ./Static_Code/System/Vectors.o
 .debug_abbrev  0x00000297       0xa5 ./Sources/Events.o
 .debug_abbrev  0x0000033c       0xc8 ./Sources/main.o
 .debug_abbrev  0x00000404      0x189 ./Project_Settings/Startup_Code/startup.o
 .debug_abbrev  0x0000058d      0x1e8 ./Generated_Code/ASerialLdd1.o
 .debug_abbrev  0x00000775       0x45 ./Generated_Code/Cpu.o
 .debug_abbrev  0x000007ba      0x15d ./Generated_Code/ExtIntLdd1.o
 .debug_abbrev  0x00000917      0x198 ./Generated_Code/Inhr1.o
 .debug_abbrev  0x00000aaf      0x10d ./Generated_Code/PE_LDD.o
 .debug_abbrev  0x00000bbc      0x122 ./Generated_Code/PwmLdd1.o
 .debug_abbrev  0x00000cde      0x122 ./Generated_Code/PwmLdd2.o
 .debug_abbrev  0x00000e00      0x198 ./Generated_Code/TU1.o
 .debug_abbrev  0x00000f98      0x139 ./Generated_Code/Terminal.o
 .debug_abbrev  0x000010d1       0x68 ./Generated_Code/fault.o

.debug_aranges  0x00000000      0x6c0
 .debug_aranges
                0x00000000       0x40 ./Static_Code/System/CPU_Init.o
 .debug_aranges
                0x00000040      0x340 ./Static_Code/System/Vectors.o
 .debug_aranges
                0x00000380       0x30 ./Sources/Events.o
 .debug_aranges
                0x000003b0       0x28 ./Sources/main.o
 .debug_aranges
                0x000003d8       0x50 ./Project_Settings/Startup_Code/startup.o
 .debug_aranges
                0x00000428       0x50 ./Generated_Code/ASerialLdd1.o
 .debug_aranges
                0x00000478       0x28 ./Generated_Code/Cpu.o
 .debug_aranges
                0x000004a0       0x30 ./Generated_Code/ExtIntLdd1.o
 .debug_aranges
                0x000004d0       0x60 ./Generated_Code/Inhr1.o
 .debug_aranges
                0x00000530       0x30 ./Generated_Code/PE_LDD.o
 .debug_aranges
                0x00000560       0x48 ./Generated_Code/PwmLdd1.o
 .debug_aranges
                0x000005a8       0x48 ./Generated_Code/PwmLdd2.o
 .debug_aranges
                0x000005f0       0x48 ./Generated_Code/TU1.o
 .debug_aranges
                0x00000638       0x68 ./Generated_Code/Terminal.o
 .debug_aranges
                0x000006a0       0x20 ./Generated_Code/fault.o

.debug_ranges   0x00000000      0x5d0
 .debug_ranges  0x00000000       0x30 ./Static_Code/System/CPU_Init.o
 .debug_ranges  0x00000030      0x330 ./Static_Code/System/Vectors.o
 .debug_ranges  0x00000360       0x20 ./Sources/Events.o
 .debug_ranges  0x00000380       0x18 ./Sources/main.o
 .debug_ranges  0x00000398       0x40 ./Project_Settings/Startup_Code/startup.o
 .debug_ranges  0x000003d8       0x40 ./Generated_Code/ASerialLdd1.o
 .debug_ranges  0x00000418       0x18 ./Generated_Code/Cpu.o
 .debug_ranges  0x00000430       0x20 ./Generated_Code/ExtIntLdd1.o
 .debug_ranges  0x00000450       0x50 ./Generated_Code/Inhr1.o
 .debug_ranges  0x000004a0       0x20 ./Generated_Code/PE_LDD.o
 .debug_ranges  0x000004c0       0x38 ./Generated_Code/PwmLdd1.o
 .debug_ranges  0x000004f8       0x38 ./Generated_Code/PwmLdd2.o
 .debug_ranges  0x00000530       0x38 ./Generated_Code/TU1.o
 .debug_ranges  0x00000568       0x58 ./Generated_Code/Terminal.o
 .debug_ranges  0x000005c0       0x10 ./Generated_Code/fault.o

.debug_macro    0x00000000    0x2494a
 .debug_macro   0x00000000      0x20d ./Static_Code/System/CPU_Init.o
 .debug_macro   0x0000020d      0x850 ./Static_Code/System/CPU_Init.o
 .debug_macro   0x00000a5d       0x16 ./Static_Code/System/CPU_Init.o
 .debug_macro   0x00000a73       0x44 ./Static_Code/System/CPU_Init.o
 .debug_macro   0x00000ab7      0x209 ./Static_Code/System/CPU_Init.o
 .debug_macro   0x00000cc0     0x1791 ./Static_Code/System/CPU_Init.o
 .debug_macro   0x00002451     0xbca7 ./Static_Code/System/CPU_Init.o
 .debug_macro   0x0000e0f8      0x4c6 ./Static_Code/System/CPU_Init.o
 .debug_macro   0x0000e5be      0x14e ./Static_Code/System/CPU_Init.o
 .debug_macro   0x0000e70c       0x6a ./Static_Code/System/CPU_Init.o
 .debug_macro   0x0000e776       0x58 ./Static_Code/System/CPU_Init.o
 .debug_macro   0x0000e7ce       0x35 ./Static_Code/System/CPU_Init.o
 .debug_macro   0x0000e803       0xa3 ./Static_Code/System/CPU_Init.o
 .debug_macro   0x0000e8a6       0x16 ./Static_Code/System/CPU_Init.o
 .debug_macro   0x0000e8bc       0x94 ./Static_Code/System/CPU_Init.o
 .debug_macro   0x0000e950      0x6a0 ./Static_Code/System/CPU_Init.o
 .debug_macro   0x0000eff0       0x7b ./Static_Code/System/CPU_Init.o
 .debug_macro   0x0000f06b       0x3e ./Static_Code/System/CPU_Init.o
 .debug_macro   0x0000f0a9       0x2c ./Static_Code/System/CPU_Init.o
 .debug_macro   0x0000f0d5       0x44 ./Static_Code/System/CPU_Init.o
 .debug_macro   0x0000f119       0x2c ./Static_Code/System/CPU_Init.o
 .debug_macro   0x0000f145      0x132 ./Static_Code/System/CPU_Init.o
 .debug_macro   0x0000f277      0x4ea ./Static_Code/System/CPU_Init.o
 .debug_macro   0x0000f761       0x2e ./Static_Code/System/CPU_Init.o
 .debug_macro   0x0000f78f       0x65 ./Static_Code/System/CPU_Init.o
 .debug_macro   0x0000f7f4       0x1f ./Static_Code/System/CPU_Init.o
 .debug_macro   0x0000f813      0x29c ./Static_Code/System/CPU_Init.o
 .debug_macro   0x0000faaf      0x1fb ./Static_Code/System/Vectors.o
 .debug_macro   0x0000fcaa      0x30f ./Sources/Events.o
 .debug_macro   0x0000ffb9      0x61c ./Sources/Events.o
 .debug_macro   0x000105d5      0x328 ./Sources/Events.o
 .debug_macro   0x000108fd      0x109 ./Sources/Events.o
 .debug_macro   0x00010a06      0x17f ./Sources/Events.o
 .debug_macro   0x00010b85      0x202 ./Sources/Events.o
 .debug_macro   0x00010d87      0x91e ./Sources/Events.o
 .debug_macro   0x000116a5       0x9e ./Sources/Events.o
 .debug_macro   0x00011743      0x1f9 ./Sources/Events.o
 .debug_macro   0x0001193c      0x39c ./Sources/Events.o
 .debug_macro   0x00011cd8      0x29c ./Sources/Events.o
 .debug_macro   0x00011f74      0x264 ./Sources/Events.o
 .debug_macro   0x000121d8      0x25b ./Sources/Events.o
 .debug_macro   0x00012433      0x399 ./Sources/Events.o
 .debug_macro   0x000127cc      0x4f1 ./Sources/Events.o
 .debug_macro   0x00012cbd      0x13f ./Sources/Events.o
 .debug_macro   0x00012dfc       0x6c ./Sources/Events.o
 .debug_macro   0x00012e68      0x30d ./Sources/Events.o
 .debug_macro   0x00013175       0xbb ./Sources/Events.o
 .debug_macro   0x00013230       0xe9 ./Sources/Events.o
 .debug_macro   0x00013319      0x18f ./Sources/Events.o
 .debug_macro   0x000134a8       0xea ./Sources/Events.o
 .debug_macro   0x00013592      0x344 ./Sources/Events.o
 .debug_macro   0x000138d6      0x824 ./Sources/Events.o
 .debug_macro   0x000140fa      0x179 ./Sources/Events.o
 .debug_macro   0x00014273      0x9e2 ./Sources/Events.o
 .debug_macro   0x00014c55      0x129 ./Sources/Events.o
 .debug_macro   0x00014d7e      0x648 ./Sources/Events.o
 .debug_macro   0x000153c6       0x81 ./Sources/Events.o
 .debug_macro   0x00015447      0x7bf ./Sources/Events.o
 .debug_macro   0x00015c06      0x66f ./Sources/Events.o
 .debug_macro   0x00016275       0x7b ./Sources/Events.o
 .debug_macro   0x000162f0      0x182 ./Sources/Events.o
 .debug_macro   0x00016472       0x22 ./Sources/Events.o
 .debug_macro   0x00016494      0x3d4 ./Sources/main.o
 .debug_macro   0x00016868      0x166 ./Sources/main.o
 .debug_macro   0x000169ce       0x1c ./Sources/main.o
 .debug_macro   0x000169ea       0x35 ./Sources/main.o
 .debug_macro   0x00016a1f       0x10 ./Sources/main.o
 .debug_macro   0x00016a2f       0x52 ./Sources/main.o
 .debug_macro   0x00016a81       0x16 ./Sources/main.o
 .debug_macro   0x00016a97       0x43 ./Sources/main.o
 .debug_macro   0x00016ada      0x180 ./Sources/main.o
 .debug_macro   0x00016c5a       0x10 ./Sources/main.o
 .debug_macro   0x00016c6a       0x22 ./Sources/main.o
 .debug_macro   0x00016c8c       0xbd ./Sources/main.o
 .debug_macro   0x00016d49       0x16 ./Sources/main.o
 .debug_macro   0x00016d5f      0x14a ./Sources/main.o
 .debug_macro   0x00016ea9      0x2a6 ./Sources/main.o
 .debug_macro   0x0001714f       0x10 ./Sources/main.o
 .debug_macro   0x0001715f      0x121 ./Project_Settings/Startup_Code/startup.o
 .debug_macro   0x00017280       0x4a ./Project_Settings/Startup_Code/startup.o
 .debug_macro   0x000172ca       0x16 ./Project_Settings/Startup_Code/startup.o
 .debug_macro   0x000172e0       0x22 ./Project_Settings/Startup_Code/startup.o
 .debug_macro   0x00017302       0x10 ./Project_Settings/Startup_Code/startup.o
 .debug_macro   0x00017312      0x20f ./Project_Settings/Startup_Code/startup.o
 .debug_macro   0x00017521     0xbc9b ./Project_Settings/Startup_Code/startup.o
 .debug_macro   0x000231bc      0x113 ./Generated_Code/ASerialLdd1.o
 .debug_macro   0x000232cf       0x5f ./Generated_Code/ASerialLdd1.o
 .debug_macro   0x0002332e       0x25 ./Generated_Code/ASerialLdd1.o
 .debug_macro   0x00023353      0x7b9 ./Generated_Code/ASerialLdd1.o
 .debug_macro   0x00023b0c      0x1ed ./Generated_Code/Cpu.o
 .debug_macro   0x00023cf9      0x113 ./Generated_Code/ExtIntLdd1.o
 .debug_macro   0x00023e0c      0x12c ./Generated_Code/ExtIntLdd1.o
 .debug_macro   0x00023f38      0x25b ./Generated_Code/Inhr1.o
 .debug_macro   0x00024193      0x1b0 ./Generated_Code/PE_LDD.o
 .debug_macro   0x00024343      0x111 ./Generated_Code/PwmLdd1.o
 .debug_macro   0x00024454      0x111 ./Generated_Code/PwmLdd2.o
 .debug_macro   0x00024565      0x10b ./Generated_Code/TU1.o
 .debug_macro   0x00024670      0x101 ./Generated_Code/Terminal.o
 .debug_macro   0x00024771      0x1d9 ./Generated_Code/fault.o

.debug_line     0x00000000     0x5218
 .debug_line    0x00000000      0x62d ./Static_Code/System/CPU_Init.o
 .debug_line    0x0000062d      0xbcc ./Static_Code/System/Vectors.o
 .debug_line    0x000011f9      0x657 ./Sources/Events.o
 .debug_line    0x00001850      0x728 ./Sources/main.o
 .debug_line    0x00001f78      0x402 ./Project_Settings/Startup_Code/startup.o
 .debug_line    0x0000237a      0x4c7 ./Generated_Code/ASerialLdd1.o
 .debug_line    0x00002841      0x50d ./Generated_Code/Cpu.o
 .debug_line    0x00002d4e      0x3f5 ./Generated_Code/ExtIntLdd1.o
 .debug_line    0x00003143      0x63c ./Generated_Code/Inhr1.o
 .debug_line    0x0000377f      0x49e ./Generated_Code/PE_LDD.o
 .debug_line    0x00003c1d      0x42b ./Generated_Code/PwmLdd1.o
 .debug_line    0x00004048      0x42b ./Generated_Code/PwmLdd2.o
 .debug_line    0x00004473      0x44b ./Generated_Code/TU1.o
 .debug_line    0x000048be      0x4a5 ./Generated_Code/Terminal.o
 .debug_line    0x00004d63      0x4b5 ./Generated_Code/fault.o

.debug_str      0x00000000    0xbd21d
 .debug_str     0x00000000    0x5b10d ./Static_Code/System/CPU_Init.o
                              0x5b2bd (size before relaxing)
 .debug_str     0x0005b10d      0x980 ./Static_Code/System/Vectors.o
                              0x5b6de (size before relaxing)
 .debug_str     0x0005ba8d    0x5de4b ./Sources/Events.o
                              0xb7da0 (size before relaxing)
 .debug_str     0x000b98d8     0x2a5c ./Sources/main.o
                              0xba82c (size before relaxing)
 .debug_str     0x000bc334      0x180 ./Project_Settings/Startup_Code/startup.o
                              0x45bdf (size before relaxing)
 .debug_str     0x000bc4b4      0x3c2 ./Generated_Code/ASerialLdd1.o
                              0x5b549 (size before relaxing)
 .debug_str     0x000bc876       0x28 ./Generated_Code/Cpu.o
                              0x59d2e (size before relaxing)
 .debug_str     0x000bc89e       0xd1 ./Generated_Code/ExtIntLdd1.o
                              0x508c3 (size before relaxing)
 .debug_str     0x000bc96f      0x268 ./Generated_Code/Inhr1.o
                              0x59ffe (size before relaxing)
 .debug_str     0x000bcbd7      0x166 ./Generated_Code/PE_LDD.o
                              0x59ec7 (size before relaxing)
 .debug_str     0x000bcd3d       0xef ./Generated_Code/PwmLdd1.o
                              0x5596e (size before relaxing)
 .debug_str     0x000bce2c       0x86 ./Generated_Code/PwmLdd2.o
                              0x5596e (size before relaxing)
 .debug_str     0x000bceb2      0x255 ./Generated_Code/TU1.o
                              0x55a69 (size before relaxing)
 .debug_str     0x000bd107       0xe5 ./Generated_Code/Terminal.o
                              0x4c5c6 (size before relaxing)
 .debug_str     0x000bd1ec       0x31 ./Generated_Code/fault.o
                              0x59d3c (size before relaxing)

.comment        0x00000000       0x70
 .comment       0x00000000       0x70 ./Static_Code/System/CPU_Init.o
                                 0x71 (size before relaxing)
 .comment       0x00000000       0x71 ./Static_Code/System/Vectors.o
 .comment       0x00000000       0x71 ./Sources/Events.o
 .comment       0x00000000       0x71 ./Sources/main.o
 .comment       0x00000000       0x71 ./Project_Settings/Startup_Code/startup.o
 .comment       0x00000000       0x71 ./Generated_Code/ASerialLdd1.o
 .comment       0x00000000       0x71 ./Generated_Code/Cpu.o
 .comment       0x00000000       0x71 ./Generated_Code/ExtIntLdd1.o
 .comment       0x00000000       0x71 ./Generated_Code/Inhr1.o
 .comment       0x00000000       0x71 ./Generated_Code/PE_LDD.o
 .comment       0x00000000       0x71 ./Generated_Code/PwmLdd1.o
 .comment       0x00000000       0x71 ./Generated_Code/PwmLdd2.o
 .comment       0x00000000       0x71 ./Generated_Code/TU1.o
 .comment       0x00000000       0x71 ./Generated_Code/Terminal.o
 .comment       0x00000000       0x71 ./Generated_Code/fault.o

.debug_frame    0x00000000     0x163c
 .debug_frame   0x00000000       0x9c ./Static_Code/System/CPU_Init.o
 .debug_frame   0x0000009c      0xcb0 ./Static_Code/System/Vectors.o
 .debug_frame   0x00000d4c       0x60 ./Sources/Events.o
 .debug_frame   0x00000dac       0x50 ./Sources/main.o
 .debug_frame   0x00000dfc       0xc0 ./Project_Settings/Startup_Code/startup.o
 .debug_frame   0x00000ebc       0xec ./Generated_Code/ASerialLdd1.o
 .debug_frame   0x00000fa8       0x50 ./Generated_Code/Cpu.o
 .debug_frame   0x00000ff8       0x6c ./Generated_Code/ExtIntLdd1.o
 .debug_frame   0x00001064      0x118 ./Generated_Code/Inhr1.o
 .debug_frame   0x0000117c       0x64 ./Generated_Code/PE_LDD.o
 .debug_frame   0x000011e0       0xd0 ./Generated_Code/PwmLdd1.o
 .debug_frame   0x000012b0       0xd0 ./Generated_Code/PwmLdd2.o
 .debug_frame   0x00001380       0xbc ./Generated_Code/TU1.o
 .debug_frame   0x0000143c      0x13c ./Generated_Code/Terminal.o
 .debug_frame   0x00001578       0x30 ./Generated_Code/fault.o
 .debug_frame   0x000015a8       0x28 c:/freescale/kds_v3/toolchain/bin/../lib/gcc/arm-none-eabi/4.8.4/../../../../arm-none-eabi/lib/armv7e-m/fpu\libg_s.a(lib_a-exit.o)
 .debug_frame   0x000015d0       0x2c c:/freescale/kds_v3/toolchain/bin/../lib/gcc/arm-none-eabi/4.8.4/../../../../arm-none-eabi/lib/armv7e-m/fpu\libg_s.a(lib_a-init.o)
 .debug_frame   0x000015fc       0x20 c:/freescale/kds_v3/toolchain/bin/../lib/gcc/arm-none-eabi/4.8.4/../../../../arm-none-eabi/lib/armv7e-m/fpu\libg_s.a(lib_a-memset.o)
 .debug_frame   0x0000161c       0x20 c:/freescale/kds_v3/toolchain/bin/../lib/gcc/arm-none-eabi/4.8.4/../../../../arm-none-eabi/lib/armv7e-m/fpu\libnosys.a(_exit.o)
